Archive member included to satisfy reference by file (symbol)

/opt/gcc-arm-none-eabi/bin/../lib/gcc/arm-none-eabi/13.3.1/../../../../arm-none-eabi/lib/thumb/v7e-m+fp/hard/libc_nano.a(libc_a-exit.o)
                              /opt/gcc-arm-none-eabi/bin/../lib/gcc/arm-none-eabi/13.3.1/../../../../arm-none-eabi/lib/thumb/v7e-m+fp/hard/crt0.o (exit)
/opt/gcc-arm-none-eabi/bin/../lib/gcc/arm-none-eabi/13.3.1/../../../../arm-none-eabi/lib/thumb/v7e-m+fp/hard/libc_nano.a(libc_a-errno.o)
                              build/debug/Core/Src/syscalls.o (__errno)
/opt/gcc-arm-none-eabi/bin/../lib/gcc/arm-none-eabi/13.3.1/../../../../arm-none-eabi/lib/thumb/v7e-m+fp/hard/libc_nano.a(libc_a-init.o)
                              /opt/gcc-arm-none-eabi/bin/../lib/gcc/arm-none-eabi/13.3.1/../../../../arm-none-eabi/lib/thumb/v7e-m+fp/hard/crt0.o (__libc_init_array)
/opt/gcc-arm-none-eabi/bin/../lib/gcc/arm-none-eabi/13.3.1/../../../../arm-none-eabi/lib/thumb/v7e-m+fp/hard/libc_nano.a(libc_a-memset.o)
                              /opt/gcc-arm-none-eabi/bin/../lib/gcc/arm-none-eabi/13.3.1/../../../../arm-none-eabi/lib/thumb/v7e-m+fp/hard/crt0.o (memset)
/opt/gcc-arm-none-eabi/bin/../lib/gcc/arm-none-eabi/13.3.1/../../../../arm-none-eabi/lib/thumb/v7e-m+fp/hard/libc_nano.a(libc_a-strcmp.o)
                              build/debug/Core/Src/main.o (strcmp)
/opt/gcc-arm-none-eabi/bin/../lib/gcc/arm-none-eabi/13.3.1/../../../../arm-none-eabi/lib/thumb/v7e-m+fp/hard/libc_nano.a(libc_a-impure.o)
                              /opt/gcc-arm-none-eabi/bin/../lib/gcc/arm-none-eabi/13.3.1/../../../../arm-none-eabi/lib/thumb/v7e-m+fp/hard/libc_nano.a(libc_a-errno.o) (_impure_ptr)
/opt/gcc-arm-none-eabi/bin/../lib/gcc/arm-none-eabi/13.3.1/../../../../arm-none-eabi/lib/thumb/v7e-m+fp/hard/libc_nano.a(libc_a-strlen.o)
                              build/debug/Core/Src/main.o (strlen)
/opt/gcc-arm-none-eabi/bin/../lib/gcc/arm-none-eabi/13.3.1/../../../../arm-none-eabi/lib/thumb/v7e-m+fp/hard/libc_nano.a(libc_a-findfp.o)
                              /opt/gcc-arm-none-eabi/bin/../lib/gcc/arm-none-eabi/13.3.1/../../../../arm-none-eabi/lib/thumb/v7e-m+fp/hard/libc_nano.a(libc_a-exit.o) (__stdio_exit_handler)
/opt/gcc-arm-none-eabi/bin/../lib/gcc/arm-none-eabi/13.3.1/../../../../arm-none-eabi/lib/thumb/v7e-m+fp/hard/libc_nano.a(libc_a-snprintf.o)
                              build/debug/Core/Src/main.o (snprintf)
/opt/gcc-arm-none-eabi/bin/../lib/gcc/arm-none-eabi/13.3.1/../../../../arm-none-eabi/lib/thumb/v7e-m+fp/hard/libc_nano.a(libc_a-stdio.o)
                              /opt/gcc-arm-none-eabi/bin/../lib/gcc/arm-none-eabi/13.3.1/../../../../arm-none-eabi/lib/thumb/v7e-m+fp/hard/libc_nano.a(libc_a-findfp.o) (__sread)
/opt/gcc-arm-none-eabi/bin/../lib/gcc/arm-none-eabi/13.3.1/../../../../arm-none-eabi/lib/thumb/v7e-m+fp/hard/libc_nano.a(libc_a-lseekr.o)
                              /opt/gcc-arm-none-eabi/bin/../lib/gcc/arm-none-eabi/13.3.1/../../../../arm-none-eabi/lib/thumb/v7e-m+fp/hard/libc_nano.a(libc_a-stdio.o) (_lseek_r)
/opt/gcc-arm-none-eabi/bin/../lib/gcc/arm-none-eabi/13.3.1/../../../../arm-none-eabi/lib/thumb/v7e-m+fp/hard/libc_nano.a(libc_a-readr.o)
                              /opt/gcc-arm-none-eabi/bin/../lib/gcc/arm-none-eabi/13.3.1/../../../../arm-none-eabi/lib/thumb/v7e-m+fp/hard/libc_nano.a(libc_a-stdio.o) (_read_r)
/opt/gcc-arm-none-eabi/bin/../lib/gcc/arm-none-eabi/13.3.1/../../../../arm-none-eabi/lib/thumb/v7e-m+fp/hard/libc_nano.a(libc_a-fwalk.o)
                              /opt/gcc-arm-none-eabi/bin/../lib/gcc/arm-none-eabi/13.3.1/../../../../arm-none-eabi/lib/thumb/v7e-m+fp/hard/libc_nano.a(libc_a-findfp.o) (_fwalk_sglue)
/opt/gcc-arm-none-eabi/bin/../lib/gcc/arm-none-eabi/13.3.1/../../../../arm-none-eabi/lib/thumb/v7e-m+fp/hard/libc_nano.a(libc_a-writer.o)
                              /opt/gcc-arm-none-eabi/bin/../lib/gcc/arm-none-eabi/13.3.1/../../../../arm-none-eabi/lib/thumb/v7e-m+fp/hard/libc_nano.a(libc_a-stdio.o) (_write_r)
/opt/gcc-arm-none-eabi/bin/../lib/gcc/arm-none-eabi/13.3.1/../../../../arm-none-eabi/lib/thumb/v7e-m+fp/hard/libc_nano.a(libc_a-nano-svfprintf.o)
                              /opt/gcc-arm-none-eabi/bin/../lib/gcc/arm-none-eabi/13.3.1/../../../../arm-none-eabi/lib/thumb/v7e-m+fp/hard/libc_nano.a(libc_a-snprintf.o) (_svfprintf_r)
/opt/gcc-arm-none-eabi/bin/../lib/gcc/arm-none-eabi/13.3.1/../../../../arm-none-eabi/lib/thumb/v7e-m+fp/hard/libc_nano.a(libc_a-memmove.o)
                              /opt/gcc-arm-none-eabi/bin/../lib/gcc/arm-none-eabi/13.3.1/../../../../arm-none-eabi/lib/thumb/v7e-m+fp/hard/libc_nano.a(libc_a-nano-svfprintf.o) (memmove)
/opt/gcc-arm-none-eabi/bin/../lib/gcc/arm-none-eabi/13.3.1/../../../../arm-none-eabi/lib/thumb/v7e-m+fp/hard/libc_nano.a(libc_a-lock.o)
                              /opt/gcc-arm-none-eabi/bin/../lib/gcc/arm-none-eabi/13.3.1/../../../../arm-none-eabi/lib/thumb/v7e-m+fp/hard/libc_nano.a(libc_a-findfp.o) (__retarget_lock_init_recursive)
[...]
Memory Configuration

Name             Origin             Length             Attributes
RAM              0x20000000         0x00020000         xrw
FLASH            0x08000000         0x00080000         xr
*default*        0x00000000         0xffffffff

Linker script and memory map

LOAD /opt/gcc-arm-none-eabi/bin/../lib/gcc/arm-none-eabi/13.3.1/thumb/v7e-m+fp/hard/crti.o
LOAD /opt/gcc-arm-none-eabi/bin/../lib/gcc/arm-none-eabi/13.3.1/thumb/v7e-m+fp/hard/crtbegin.o
LOAD /opt/gcc-arm-none-eabi/bin/../lib/gcc/arm-none-eabi/13.3.1/../../../../arm-none-eabi/lib/thumb/v7e-m+fp/hard/crt0.o
LOAD build/debug/Core/Src/main.o
LOAD build/debug/Core/Src/stm32f4xx_hal_msp.o
LOAD build/debug/Core/Src/stm32f4xx_it.o
LOAD build/debug/Core/Src/syscalls.o
LOAD build/debug/Core/Src/sysmem.o
LOAD build/debug/Core/Src/system_stm32f4xx.o
LOAD build/debug/Drivers/STM32F4xx_HAL_Driver/Src/stm32f4xx_hal.o
LOAD build/debug/Drivers/STM32F4xx_HAL_Driver/Src/stm32f4xx_hal_adc.o
LOAD build/debug/Drivers/STM32F4xx_HAL_Driver/Src/stm32f4xx_hal_adc_ex.o
LOAD build/debug/Drivers/STM32F4xx_HAL_Driver/Src/stm32f4xx_hal_cortex.o
LOAD build/debug/Drivers/STM32F4xx_HAL_Driver/Src/stm32f4xx_hal_dma.o
LOAD build/debug/Drivers/STM32F4xx_HAL_Driver/Src/stm32f4xx_hal_dma_ex.o
LOAD build/debug/Drivers/STM32F4xx_HAL_Driver/Src/stm32f4xx_hal_exti.o
LOAD build/debug/Drivers/STM32F4xx_HAL_Driver/Src/stm32f4xx_hal_flash.o
LOAD build/debug/Drivers/STM32F4xx_HAL_Driver/Src/stm32f4xx_hal_flash_ex.o
LOAD build/debug/Drivers/STM32F4xx_HAL_Driver/Src/stm32f4xx_hal_flash_ramfunc.o
LOAD build/debug/Drivers/STM32F4xx_HAL_Driver/Src/stm32f4xx_hal_gpio.o
LOAD build/debug/Drivers/STM32F4xx_HAL_Driver/Src/stm32f4xx_hal_pwr.o
LOAD build/debug/Drivers/STM32F4xx_HAL_Driver/Src/stm32f4xx_hal_pwr_ex.o
LOAD build/debug/Drivers/STM32F4xx_HAL_Driver/Src/stm32f4xx_hal_rcc.o
LOAD build/debug/Drivers/STM32F4xx_HAL_Driver/Src/stm32f4xx_hal_rcc_ex.o
LOAD build/debug/Drivers/STM32F4xx_HAL_Driver/Src/stm32f4xx_hal_tim.o
LOAD build/debug/Drivers/STM32F4xx_HAL_Driver/Src/stm32f4xx_hal_tim_ex.o
LOAD build/debug/Drivers/STM32F4xx_HAL_Driver/Src/stm32f4xx_hal_uart.o
LOAD build/debug/Drivers/STM32F4xx_HAL_Driver/Src/stm32f4xx_ll_adc.o
LOAD build/debug/startup_stm32f446xx.o
LOAD /opt/gcc-arm-none-eabi/bin/../lib/gcc/arm-none-eabi/13.3.1/../../../../arm-none-eabi/lib/thumb/v7e-m+fp/hard/libc_nano.a
LOAD /opt/gcc-arm-none-eabi/bin/../lib/gcc/arm-none-eabi/13.3.1/../../../../arm-none-eabi/lib/thumb/v7e-m+fp/hard/libm.a
LOAD /opt/gcc-arm-none-eabi/bin/../lib/gcc/arm-none-eabi/13.3.1/../../../../arm-none-eabi/lib/thumb/v7e-m+fp/hard/libnosys.a
START GROUP
LOAD /opt/gcc-arm-none-eabi/bin/../lib/gcc/arm-none-eabi/13.3.1/thumb/v7e-m+fp/hard/libgcc.a
LOAD /opt/gcc-arm-none-eabi/bin/../lib/gcc/arm-none-eabi/13.3.1/../../../../arm-none-eabi/lib/thumb/v7e-m+fp/hard/libc_nano.a
END GROUP
START GROUP
LOAD /opt/gcc-arm-none-eabi/bin/../lib/gcc/arm-none-eabi/13.3.1/thumb/v7e-m+fp/hard/libgcc.a
LOAD /opt/gcc-arm-none-eabi/bin/../lib/gcc/arm-none-eabi/13.3.1/../../../../arm-none-eabi/lib/thumb/v7e-m+fp/hard/libc_nano.a
END GROUP
LOAD /opt/gcc-arm-none-eabi/bin/../lib/gcc/arm-none-eabi/13.3.1/thumb/v7e-m+fp/hard/crtend.o
LOAD /opt/gcc-arm-none-eabi/bin/../lib/gcc/arm-none-eabi/13.3.1/thumb/v7e-m+fp/hard/crtn.o
                0x20020000                        _estack = (ORIGIN (RAM) + LENGTH (RAM))
                0x00000200                        _Min_Heap_Size = 0x200
                0x00000400                        _Min_Stack_Size = 0x400

.isr_vector     0x08000000      0x1c4
                0x08000000                        . = ALIGN (0x4)
 *(.isr_vector)
 .isr_vector    0x08000000      0x1c4 build/debug/startup_stm32f446xx.o
                0x08000000                g_pfnVectors
                0x080001c4                        . = ALIGN (0x4)

.text           0x080001d0     0x326c
                0x080001d0                        . = ALIGN (0x4)
 *(.text)
 .text          0x080001d0       0x14 /opt/gcc-arm-none-eabi/bin/../lib/gcc/arm-none-eabi/13.3.1/../../../../arm-none-eabi/lib/thumb/v7e-m+fp/hard/libc_nano.a(libc_a-strcmp.o)
                0x080001d0                strcmp
 .text          0x080001e4       0x10 /opt/gcc-arm-none-eabi/bin/../lib/gcc/arm-none-eabi/13.3.1/../../../../arm-none-eabi/lib/thumb/v7e-m+fp/hard/libc_nano.a(libc_a-strlen.o)
                0x080001e4                strlen
 *fill*         0x080001f4        0xc 
 .text          0x08000200       0xa0 /opt/gcc-arm-none-eabi/bin/../lib/gcc/arm-none-eabi/13.3.1/../../../../arm-none-eabi/lib/thumb/v7e-m+fp/hard/libc_nano.a(libc_a-memchr.o)
                0x08000200                memchr
 .text          0x080002a0       0x30 /opt/gcc-arm-none-eabi/bin/../lib/gcc/arm-none-eabi/13.3.1/thumb/v7e-m+fp/hard/libgcc.a(_aeabi_uldivmod.o)
                0x080002a0                __aeabi_uldivmod
 .text          0x080002d0        0x4 /opt/gcc-arm-none-eabi/bin/../lib/gcc/arm-none-eabi/13.3.1/thumb/v7e-m+fp/hard/libgcc.a(_dvmd_tls.o)
                0x080002d0                __aeabi_ldiv0
                0x080002d0                __aeabi_idiv0
 *(.text*)
 .text.deregister_tm_clones
                0x080002d4       0x1c /opt/gcc-arm-none-eabi/bin/../lib/gcc/arm-none-eabi/13.3.1/thumb/v7e-m+fp/hard/crtbegin.o
 .text.register_tm_clones
                0x080002f0       0x24 /opt/gcc-arm-none-eabi/bin/../lib/gcc/arm-none-eabi/13.3.1/thumb/v7e-m+fp/hard/crtbegin.o
 .text.__do_global_dtors_aux
                0x08000314       0x28 /opt/gcc-arm-none-eabi/bin/../lib/gcc/arm-none-eabi/13.3.1/thumb/v7e-m+fp/hard/crtbegin.o
 .text.frame_dummy
                0x0800033c       0x24 /opt/gcc-arm-none-eabi/bin/../lib/gcc/arm-none-eabi/13.3.1/thumb/v7e-m+fp/hard/crtbegin.o
 .text.MX_GPIO_Init
                0x08000360       0xdc build/debug/Core/Src/main.o
 .text.MX_DMA_Init
                0x0800043c       0x58 build/debug/Core/Src/main.o
 .text.HAL_ADC_ConvCpltCallback
                0x08000494        0xc build/debug/Core/Src/main.o
                0x08000494                HAL_ADC_ConvCpltCallback
 .text.HAL_GPIO_EXTI_Callback
                0x080004a0       0x24 build/debug/Core/Src/main.o
                0x080004a0                HAL_GPIO_EXTI_Callback
 .text.HAL_UARTEx_RxEventCallback
                0x080004c4       0xe8 build/debug/Core/Src/main.o
                0x080004c4                HAL_UARTEx_RxEventCallback
 .text.Error_Handler
                0x080005ac        0x4 build/debug/Core/Src/main.o
                0x080005ac                Error_Handler
 .text.MX_USART2_UART_Init
                0x080005b0       0x34 build/debug/Core/Src/main.o
 .text.MX_ADC1_Init
                0x080005e4       0x6c build/debug/Core/Src/main.o
 .text.SystemClock_Config
                0x08000650       0xa4 build/debug/Core/Src/main.o
                0x08000650                SystemClock_Config
 .text.main     0x080006f4      0x118 build/debug/Core/Src/main.o
                0x080006f4                main
 .text.HAL_MspInit
                0x0800080c       0x40 build/debug/Core/Src/stm32f4xx_hal_msp.o
                0x0800080c                HAL_MspInit
 .text.HAL_ADC_MspInit
                0x0800084c       0xa8 build/debug/Core/Src/stm32f4xx_hal_msp.o
                0x0800084c                HAL_ADC_MspInit
 .text.HAL_UART_MspInit
                0x080008f4       0xbc build/debug/Core/Src/stm32f4xx_hal_msp.o
                0x080008f4                HAL_UART_MspInit
 .text.NMI_Handler
                0x080009b0        0x2 build/debug/Core/Src/stm32f4xx_it.o
                0x080009b0                NMI_Handler
 .text.HardFault_Handler
                0x080009b2        0x2 build/debug/Core/Src/stm32f4xx_it.o
                0x080009b2                HardFault_Handler
 .text.MemManage_Handler
                0x080009b4        0x2 build/debug/Core/Src/stm32f4xx_it.o
                0x080009b4                MemManage_Handler
 .text.BusFault_Handler
                0x080009b6        0x2 build/debug/Core/Src/stm32f4xx_it.o
                0x080009b6                BusFault_Handler
 .text.UsageFault_Handler
                0x080009b8        0x2 build/debug/Core/Src/stm32f4xx_it.o
                0x080009b8                UsageFault_Handler
 .text.SVC_Handler
                0x080009ba        0x2 build/debug/Core/Src/stm32f4xx_it.o
                0x080009ba                SVC_Handler
 .text.DebugMon_Handler
                0x080009bc        0x2 build/debug/Core/Src/stm32f4xx_it.o
                0x080009bc                DebugMon_Handler
 .text.PendSV_Handler
                0x080009be        0x2 build/debug/Core/Src/stm32f4xx_it.o
                0x080009be                PendSV_Handler
 .text.SysTick_Handler
                0x080009c0        0x8 build/debug/Core/Src/stm32f4xx_it.o
                0x080009c0                SysTick_Handler
 .text.DMA1_Stream6_IRQHandler
                0x080009c8       0x10 build/debug/Core/Src/stm32f4xx_it.o
                0x080009c8                DMA1_Stream6_IRQHandler
 .text.EXTI9_5_IRQHandler
                0x080009d8        0xa build/debug/Core/Src/stm32f4xx_it.o
                0x080009d8                EXTI9_5_IRQHandler
 *fill*         0x080009e2        0x2 
 .text.USART2_IRQHandler
                0x080009e4       0x10 build/debug/Core/Src/stm32f4xx_it.o
                0x080009e4                USART2_IRQHandler
 .text.EXTI15_10_IRQHandler
                0x080009f4        0xc build/debug/Core/Src/stm32f4xx_it.o
                0x080009f4                EXTI15_10_IRQHandler
 .text.DMA2_Stream0_IRQHandler
                0x08000a00       0x10 build/debug/Core/Src/stm32f4xx_it.o
                0x08000a00                DMA2_Stream0_IRQHandler
 .text._sbrk    0x08000a10       0x48 build/debug/Core/Src/sysmem.o
                0x08000a10                _sbrk
 .text.SystemInit
                0x08000a58       0x14 build/debug/Core/Src/system_stm32f4xx.o
                0x08000a58                SystemInit
 .text.HAL_InitTick
                0x08000a6c       0x4c build/debug/Drivers/STM32F4xx_HAL_Driver/Src/stm32f4xx_hal.o
                0x08000a6c                HAL_InitTick
 .text.HAL_Init
                0x08000ab8       0x34 build/debug/Drivers/STM32F4xx_HAL_Driver/Src/stm32f4xx_hal.o
                0x08000ab8                HAL_Init
 .text.HAL_IncTick
                0x08000aec       0x18 build/debug/Drivers/STM32F4xx_HAL_Driver/Src/stm32f4xx_hal.o
                0x08000aec                HAL_IncTick
 .text.HAL_GetTick
                0x08000b04        0xc build/debug/Drivers/STM32F4xx_HAL_Driver/Src/stm32f4xx_hal.o
                0x08000b04                HAL_GetTick
 .text.HAL_Delay
                0x08000b10       0x28 build/debug/Drivers/STM32F4xx_HAL_Driver/Src/stm32f4xx_hal.o
                0x08000b10                HAL_Delay
 .text.ADC_Init
                0x08000b38      0x134 build/debug/Drivers/STM32F4xx_HAL_Driver/Src/stm32f4xx_hal_adc.o
 .text.HAL_ADC_Init
                0x08000c6c       0x56 build/debug/Drivers/STM32F4xx_HAL_Driver/Src/stm32f4xx_hal_adc.o
                0x08000c6c                HAL_ADC_Init
 *fill*         0x08000cc2        0x2 
 .text.HAL_ADC_Start_DMA
                0x08000cc4      0x19c build/debug/Drivers/STM32F4xx_HAL_Driver/Src/stm32f4xx_hal_adc.o
                0x08000cc4                HAL_ADC_Start_DMA
 .text.HAL_ADC_ConvHalfCpltCallback
                0x08000e60        0x2 build/debug/Drivers/STM32F4xx_HAL_Driver/Src/stm32f4xx_hal_adc.o
                0x08000e60                HAL_ADC_ConvHalfCpltCallback
 .text.ADC_DMAHalfConvCplt
                0x08000e62        0xa build/debug/Drivers/STM32F4xx_HAL_Driver/Src/stm32f4xx_hal_adc.o
 .text.HAL_ADC_ErrorCallback
                0x08000e6c        0x2 build/debug/Drivers/STM32F4xx_HAL_Driver/Src/stm32f4xx_hal_adc.o
                0x08000e6c                HAL_ADC_ErrorCallback
 .text.ADC_DMAError
                0x08000e6e       0x16 build/debug/Drivers/STM32F4xx_HAL_Driver/Src/stm32f4xx_hal_adc.o
 .text.ADC_DMAConvCplt
                0x08000e84       0x72 build/debug/Drivers/STM32F4xx_HAL_Driver/Src/stm32f4xx_hal_adc.o
 *fill*         0x08000ef6        0x2 
 .text.HAL_ADC_ConfigChannel
                0x08000ef8      0x1ac build/debug/Drivers/STM32F4xx_HAL_Driver/Src/stm32f4xx_hal_adc.o
                0x08000ef8                HAL_ADC_ConfigChannel
 .text.__NVIC_EnableIRQ
                0x080010a4       0x1c build/debug/Drivers/STM32F4xx_HAL_Driver/Src/stm32f4xx_hal_cortex.o
 .text.__NVIC_SetPriority
                0x080010c0       0x28 build/debug/Drivers/STM32F4xx_HAL_Driver/Src/stm32f4xx_hal_cortex.o
 .text.NVIC_EncodePriority
                0x080010e8       0x3e build/debug/Drivers/STM32F4xx_HAL_Driver/Src/stm32f4xx_hal_cortex.o
 *fill*         0x08001126        0x2 
 .text.HAL_NVIC_SetPriorityGrouping
                0x08001128       0x24 build/debug/Drivers/STM32F4xx_HAL_Driver/Src/stm32f4xx_hal_cortex.o
                0x08001128                HAL_NVIC_SetPriorityGrouping
 .text.HAL_NVIC_SetPriority
                0x0800114c       0x20 build/debug/Drivers/STM32F4xx_HAL_Driver/Src/stm32f4xx_hal_cortex.o
                0x0800114c                HAL_NVIC_SetPriority
 .text.HAL_NVIC_EnableIRQ
                0x0800116c        0x8 build/debug/Drivers/STM32F4xx_HAL_Driver/Src/stm32f4xx_hal_cortex.o
                0x0800116c                HAL_NVIC_EnableIRQ
 .text.HAL_SYSTICK_Config
                0x08001174       0x28 build/debug/Drivers/STM32F4xx_HAL_Driver/Src/stm32f4xx_hal_cortex.o
                0x08001174                HAL_SYSTICK_Config
 .text.DMA_SetConfig
                0x0800119c       0x2c build/debug/Drivers/STM32F4xx_HAL_Driver/Src/stm32f4xx_hal_dma.o
 .text.DMA_CalcBaseAndBitshift
                0x080011c8       0x3c build/debug/Drivers/STM32F4xx_HAL_Driver/Src/stm32f4xx_hal_dma.o
 .text.DMA_CheckFifoParam
                0x08001204       0x8e build/debug/Drivers/STM32F4xx_HAL_Driver/Src/stm32f4xx_hal_dma.o
 *fill*         0x08001292        0x2 
 .text.HAL_DMA_Init
                0x08001294       0xcc build/debug/Drivers/STM32F4xx_HAL_Driver/Src/stm32f4xx_hal_dma.o
                0x08001294                HAL_DMA_Init
 .text.HAL_DMA_Start_IT
                0x08001360       0x6a build/debug/Drivers/STM32F4xx_HAL_Driver/Src/stm32f4xx_hal_dma.o
                0x08001360                HAL_DMA_Start_IT
 .text.HAL_DMA_Abort
                0x080013ca       0x94 build/debug/Drivers/STM32F4xx_HAL_Driver/Src/stm32f4xx_hal_dma.o
                0x080013ca                HAL_DMA_Abort
 .text.HAL_DMA_Abort_IT
                0x0800145e       0x26 build/debug/Drivers/STM32F4xx_HAL_Driver/Src/stm32f4xx_hal_dma.o
                0x0800145e                HAL_DMA_Abort_IT
 .text.HAL_DMA_IRQHandler
                0x08001484      0x1dc build/debug/Drivers/STM32F4xx_HAL_Driver/Src/stm32f4xx_hal_dma.o
                0x08001484                HAL_DMA_IRQHandler
 .text.HAL_GPIO_Init
                0x08001660      0x1e0 build/debug/Drivers/STM32F4xx_HAL_Driver/Src/stm32f4xx_hal_gpio.o
                0x08001660                HAL_GPIO_Init
 .text.HAL_GPIO_ReadPin
                0x08001840        0xe build/debug/Drivers/STM32F4xx_HAL_Driver/Src/stm32f4xx_hal_gpio.o
                0x08001840                HAL_GPIO_ReadPin
 .text.HAL_GPIO_WritePin
                0x0800184e        0xc build/debug/Drivers/STM32F4xx_HAL_Driver/Src/stm32f4xx_hal_gpio.o
                0x0800184e                HAL_GPIO_WritePin
 *fill*         0x0800185a        0x2 
 .text.HAL_GPIO_EXTI_IRQHandler
                0x0800185c       0x1c build/debug/Drivers/STM32F4xx_HAL_Driver/Src/stm32f4xx_hal_gpio.o
                0x0800185c                HAL_GPIO_EXTI_IRQHandler
 .text.HAL_RCC_ClockConfig
                0x08001878      0x160 build/debug/Drivers/STM32F4xx_HAL_Driver/Src/stm32f4xx_hal_rcc.o
                0x08001878                HAL_RCC_ClockConfig
 .text.HAL_RCC_GetHCLKFreq
                0x080019d8        0xc build/debug/Drivers/STM32F4xx_HAL_Driver/Src/stm32f4xx_hal_rcc.o
                0x080019d8                HAL_RCC_GetHCLKFreq
 .text.HAL_RCC_GetPCLK1Freq
                0x080019e4       0x20 build/debug/Drivers/STM32F4xx_HAL_Driver/Src/stm32f4xx_hal_rcc.o
                0x080019e4                HAL_RCC_GetPCLK1Freq
 .text.HAL_RCC_GetPCLK2Freq
                0x08001a04       0x20 build/debug/Drivers/STM32F4xx_HAL_Driver/Src/stm32f4xx_hal_rcc.o
                0x08001a04                HAL_RCC_GetPCLK2Freq
 .text.HAL_RCC_GetSysClockFreq
                0x08001a24      0x190 build/debug/Drivers/STM32F4xx_HAL_Driver/Src/stm32f4xx_hal_rcc_ex.o
                0x08001a24                HAL_RCC_GetSysClockFreq
 .text.HAL_RCC_OscConfig
                0x08001bb4      0x444 build/debug/Drivers/STM32F4xx_HAL_Driver/Src/stm32f4xx_hal_rcc_ex.o
                0x08001bb4                HAL_RCC_OscConfig
 .text.UART_EndRxTransfer
                0x08001ff8       0x5c build/debug/Drivers/STM32F4xx_HAL_Driver/Src/stm32f4xx_hal_uart.o
 .text.UART_Transmit_IT
                0x08002054       0x60 build/debug/Drivers/STM32F4xx_HAL_Driver/Src/stm32f4xx_hal_uart.o
 .text.UART_SetConfig
                0x080020b4      0x110 build/debug/Drivers/STM32F4xx_HAL_Driver/Src/stm32f4xx_hal_uart.o
 .text.UART_WaitOnFlagUntilTimeout
                0x080021c4       0x86 build/debug/Drivers/STM32F4xx_HAL_Driver/Src/stm32f4xx_hal_uart.o
 .text.HAL_UART_Init
                0x0800224a       0x60 build/debug/Drivers/STM32F4xx_HAL_Driver/Src/stm32f4xx_hal_uart.o
                0x0800224a                HAL_UART_Init
 .text.HAL_UART_Transmit
                0x080022aa       0xcc build/debug/Drivers/STM32F4xx_HAL_Driver/Src/stm32f4xx_hal_uart.o
                0x080022aa                HAL_UART_Transmit
 .text.HAL_UART_TxCpltCallback
                0x08002376        0x2 build/debug/Drivers/STM32F4xx_HAL_Driver/Src/stm32f4xx_hal_uart.o
                0x08002376                HAL_UART_TxCpltCallback
 .text.UART_EndTransmit_IT
                0x08002378       0x1a build/debug/Drivers/STM32F4xx_HAL_Driver/Src/stm32f4xx_hal_uart.o
 .text.HAL_UART_RxCpltCallback
                0x08002392        0x2 build/debug/Drivers/STM32F4xx_HAL_Driver/Src/stm32f4xx_hal_uart.o
                0x08002392                HAL_UART_RxCpltCallback
 .text.HAL_UART_ErrorCallback
                0x08002394        0x2 build/debug/Drivers/STM32F4xx_HAL_Driver/Src/stm32f4xx_hal_uart.o
                0x08002394                HAL_UART_ErrorCallback
 .text.UART_DMAAbortOnError
                0x08002396       0x10 build/debug/Drivers/STM32F4xx_HAL_Driver/Src/stm32f4xx_hal_uart.o
 .text.UART_Receive_IT
                0x080023a6       0xe6 build/debug/Drivers/STM32F4xx_HAL_Driver/Src/stm32f4xx_hal_uart.o
 .text.HAL_UART_IRQHandler
                0x0800248c      0x284 build/debug/Drivers/STM32F4xx_HAL_Driver/Src/stm32f4xx_hal_uart.o
                0x0800248c                HAL_UART_IRQHandler
 .text.UART_Start_Receive_IT
                0x08002710       0x36 build/debug/Drivers/STM32F4xx_HAL_Driver/Src/stm32f4xx_hal_uart.o
                0x08002710                UART_Start_Receive_IT
 .text.HAL_UARTEx_ReceiveToIdle_IT
                0x08002746       0x66 build/debug/Drivers/STM32F4xx_HAL_Driver/Src/stm32f4xx_hal_uart.o
                0x08002746                HAL_UARTEx_ReceiveToIdle_IT
 .text.Reset_Handler
                0x080027ac       0x50 build/debug/startup_stm32f446xx.o
                0x080027ac                Reset_Handler
 .text.Default_Handler
                0x080027fc        0x2 build/debug/startup_stm32f446xx.o
                0x080027fc                RTC_Alarm_IRQHandler
                0x080027fc                EXTI2_IRQHandler
                0x080027fc                TIM8_CC_IRQHandler
                0x080027fc                FMPI2C1_EV_IRQHandler
                0x080027fc                SPI4_IRQHandler
                0x080027fc                TIM1_CC_IRQHandler
                0x080027fc                DMA2_Stream5_IRQHandler
                0x080027fc                DMA1_Stream5_IRQHandler
                0x080027fc                PVD_IRQHandler
                0x080027fc                SDIO_IRQHandler
                0x080027fc                TAMP_STAMP_IRQHandler
                0x080027fc                CAN2_RX1_IRQHandler
                0x080027fc                EXTI3_IRQHandler
                0x080027fc                TIM8_TRG_COM_TIM14_IRQHandler
                0x080027fc                TIM1_UP_TIM10_IRQHandler
                0x080027fc                TIM8_UP_TIM13_IRQHandler
                0x080027fc                I2C3_ER_IRQHandler
                0x080027fc                EXTI0_IRQHandler
                0x080027fc                I2C2_EV_IRQHandler
                0x080027fc                DMA1_Stream2_IRQHandler
                0x080027fc                CAN1_RX0_IRQHandler
                0x080027fc                FPU_IRQHandler
                0x080027fc                OTG_HS_WKUP_IRQHandler
                0x080027fc                CAN2_SCE_IRQHandler
                0x080027fc                DMA2_Stream2_IRQHandler
                0x080027fc                SPI1_IRQHandler
                0x080027fc                TIM6_DAC_IRQHandler
                0x080027fc                TIM1_BRK_TIM9_IRQHandler
                0x080027fc                DCMI_IRQHandler
                0x080027fc                CAN2_RX0_IRQHandler
                0x080027fc                DMA2_Stream3_IRQHandler
                0x080027fc                SAI2_IRQHandler
                0x080027fc                USART6_IRQHandler
                0x080027fc                USART3_IRQHandler
                0x080027fc                CAN1_RX1_IRQHandler
                0x080027fc                UART5_IRQHandler
                0x080027fc                TIM4_IRQHandler
                0x080027fc                QUADSPI_IRQHandler
                0x080027fc                I2C1_EV_IRQHandler
                0x080027fc                DMA1_Stream1_IRQHandler
                0x080027fc                UART4_IRQHandler
                0x080027fc                TIM3_IRQHandler
                0x080027fc                RCC_IRQHandler
                0x080027fc                TIM8_BRK_TIM12_IRQHandler
                0x080027fc                Default_Handler
                0x080027fc                CEC_IRQHandler
                0x080027fc                ADC_IRQHandler
                0x080027fc                DMA1_Stream7_IRQHandler
                0x080027fc                TIM7_IRQHandler
                0x080027fc                CAN2_TX_IRQHandler
                0x080027fc                TIM5_IRQHandler
                0x080027fc                DMA2_Stream7_IRQHandler
                0x080027fc                I2C3_EV_IRQHandler
                0x080027fc                RTC_WKUP_IRQHandler
                0x080027fc                SPDIF_RX_IRQHandler
                0x080027fc                SPI2_IRQHandler
                0x080027fc                OTG_HS_EP1_IN_IRQHandler
                0x080027fc                DMA1_Stream0_IRQHandler
                0x080027fc                CAN1_TX_IRQHandler
                0x080027fc                FMPI2C1_ER_IRQHandler
                0x080027fc                EXTI4_IRQHandler
                0x080027fc                OTG_HS_EP1_OUT_IRQHandler
                0x080027fc                WWDG_IRQHandler
                0x080027fc                TIM2_IRQHandler
                0x080027fc                OTG_FS_WKUP_IRQHandler
                0x080027fc                TIM1_TRG_COM_TIM11_IRQHandler
                0x080027fc                OTG_HS_IRQHandler
                0x080027fc                EXTI1_IRQHandler
                0x080027fc                I2C2_ER_IRQHandler
                0x080027fc                DMA2_Stream1_IRQHandler
                0x080027fc                CAN1_SCE_IRQHandler
                0x080027fc                FLASH_IRQHandler
                0x080027fc                DMA2_Stream4_IRQHandler
                0x080027fc                USART1_IRQHandler
                0x080027fc                OTG_FS_IRQHandler
                0x080027fc                SPI3_IRQHandler
                0x080027fc                DMA1_Stream4_IRQHandler
                0x080027fc                I2C1_ER_IRQHandler
                0x080027fc                FMC_IRQHandler
                0x080027fc                DMA2_Stream6_IRQHandler
                0x080027fc                SAI1_IRQHandler
                0x080027fc                DMA1_Stream3_IRQHandler
 *fill*         0x080027fe        0x2 
 .text.__errno  0x08002800        0xc /opt/gcc-arm-none-eabi/bin/../lib/gcc/arm-none-eabi/13.3.1/../../../../arm-none-eabi/lib/thumb/v7e-m+fp/hard/libc_nano.a(libc_a-errno.o)
                0x08002800                __errno
 .text.__libc_init_array
                0x0800280c       0x48 /opt/gcc-arm-none-eabi/bin/../lib/gcc/arm-none-eabi/13.3.1/../../../../arm-none-eabi/lib/thumb/v7e-m+fp/hard/libc_nano.a(libc_a-init.o)
                0x0800280c                __libc_init_array
 .text.memset   0x08002854       0x10 /opt/gcc-arm-none-eabi/bin/../lib/gcc/arm-none-eabi/13.3.1/../../../../arm-none-eabi/lib/thumb/v7e-m+fp/hard/libc_nano.a(libc_a-memset.o)
                0x08002854                memset
 .text.snprintf
                0x08002864       0x6c /opt/gcc-arm-none-eabi/bin/../lib/gcc/arm-none-eabi/13.3.1/../../../../arm-none-eabi/lib/thumb/v7e-m+fp/hard/libc_nano.a(libc_a-snprintf.o)
                0x08002864                snprintf
                0x08002864                sniprintf
 .text.__ssputs_r
                0x080028d0       0xb6 /opt/gcc-arm-none-eabi/bin/../lib/gcc/arm-none-eabi/13.3.1/../../../../arm-none-eabi/lib/thumb/v7e-m+fp/hard/libc_nano.a(libc_a-nano-svfprintf.o)
                0x080028d0                __ssputs_r
 *fill*         0x08002986        0x2 
 .text._svfprintf_r
                0x08002988      0x1f8 /opt/gcc-arm-none-eabi/bin/../lib/gcc/arm-none-eabi/13.3.1/../../../../arm-none-eabi/lib/thumb/v7e-m+fp/hard/libc_nano.a(libc_a-nano-svfprintf.o)
                0x08002988                _svfprintf_r
                0x08002988                _svfiprintf_r
 .text.memmove  0x08002b80       0x34 /opt/gcc-arm-none-eabi/bin/../lib/gcc/arm-none-eabi/13.3.1/../../../../arm-none-eabi/lib/thumb/v7e-m+fp/hard/libc_nano.a(libc_a-memmove.o)
                0x08002b80                memmove
 .text.__retarget_lock_acquire_recursive
                0x08002bb4        0x2 /opt/gcc-arm-none-eabi/bin/../lib/gcc/arm-none-eabi/13.3.1/../../../../arm-none-eabi/lib/thumb/v7e-m+fp/hard/libc_nano.a(libc_a-lock.o)
                0x08002bb4                __retarget_lock_acquire_recursive
 .text.__retarget_lock_release_recursive
                0x08002bb6        0x2 /opt/gcc-arm-none-eabi/bin/../lib/gcc/arm-none-eabi/13.3.1/../../../../arm-none-eabi/lib/thumb/v7e-m+fp/hard/libc_nano.a(libc_a-lock.o)
                0x08002bb6                __retarget_lock_release_recursive
 .text._printf_common
                0x08002bb8       0xda /opt/gcc-arm-none-eabi/bin/../lib/gcc/arm-none-eabi/13.3.1/../../../../arm-none-eabi/lib/thumb/v7e-m+fp/hard/libc_nano.a(libc_a-nano-vfprintf_i.o)
                0x08002bb8                _printf_common
 *fill*         0x08002c92        0x2 
 .text._printf_i
                0x08002c94      0x23c /opt/gcc-arm-none-eabi/bin/../lib/gcc/arm-none-eabi/13.3.1/../../../../arm-none-eabi/lib/thumb/v7e-m+fp/hard/libc_nano.a(libc_a-nano-vfprintf_i.o)
                0x08002c94                _printf_i
 .text.sbrk_aligned
                0x08002ed0       0x44 /opt/gcc-arm-none-eabi/bin/../lib/gcc/arm-none-eabi/13.3.1/../../../../arm-none-eabi/lib/thumb/v7e-m+fp/hard/libc_nano.a(libc_a-mallocr.o)
 .text._malloc_r
                0x08002f14      0x100 /opt/gcc-arm-none-eabi/bin/../lib/gcc/arm-none-eabi/13.3.1/../../../../arm-none-eabi/lib/thumb/v7e-m+fp/hard/libc_nano.a(libc_a-mallocr.o)
                0x08002f14                _malloc_r
 .text.memcpy   0x08003014       0x1c /opt/gcc-arm-none-eabi/bin/../lib/gcc/arm-none-eabi/13.3.1/../../../../arm-none-eabi/lib/thumb/v7e-m+fp/hard/libc_nano.a(libc_a-memcpy-stub.o)
                0x08003014                memcpy
 .text.__malloc_lock
                0x08003030        0xc /opt/gcc-arm-none-eabi/bin/../lib/gcc/arm-none-eabi/13.3.1/../../../../arm-none-eabi/lib/thumb/v7e-m+fp/hard/libc_nano.a(libc_a-mlock.o)
                0x08003030                __malloc_lock
 .text.__malloc_unlock
                0x0800303c        0xc /opt/gcc-arm-none-eabi/bin/../lib/gcc/arm-none-eabi/13.3.1/../../../../arm-none-eabi/lib/thumb/v7e-m+fp/hard/libc_nano.a(libc_a-mlock.o)
                0x0800303c                __malloc_unlock
 .text._sbrk_r  0x08003048       0x20 /opt/gcc-arm-none-eabi/bin/../lib/gcc/arm-none-eabi/13.3.1/../../../../arm-none-eabi/lib/thumb/v7e-m+fp/hard/libc_nano.a(libc_a-sbrkr.o)
                0x08003048                _sbrk_r
 .text._realloc_r
                0x08003068       0x5c /opt/gcc-arm-none-eabi/bin/../lib/gcc/arm-none-eabi/13.3.1/../../../../arm-none-eabi/lib/thumb/v7e-m+fp/hard/libc_nano.a(libc_a-reallocr.o)
                0x08003068                _realloc_r
 .text._free_r  0x080030c4       0x94 /opt/gcc-arm-none-eabi/bin/../lib/gcc/arm-none-eabi/13.3.1/../../../../arm-none-eabi/lib/thumb/v7e-m+fp/hard/libc_nano.a(libc_a-freer.o)
                0x080030c4                _free_r
 .text._malloc_usable_size_r
                0x08003158       0x10 /opt/gcc-arm-none-eabi/bin/../lib/gcc/arm-none-eabi/13.3.1/../../../../arm-none-eabi/lib/thumb/v7e-m+fp/hard/libc_nano.a(libc_a-msizer.o)
                0x08003158                _malloc_usable_size_r
 .text.__udivmoddi4
                0x08003168      0x2bc /opt/gcc-arm-none-eabi/bin/../lib/gcc/arm-none-eabi/13.3.1/thumb/v7e-m+fp/hard/libgcc.a(_udivmoddi4.o)
                0x08003168                __udivmoddi4
 *(.glue_7)
 .glue_7        0x08003424        0x0 linker stubs
 *(.glue_7t)
 .glue_7t       0x08003424        0x0 linker stubs
 *(.eh_frame)
 .eh_frame      0x08003424        0x0 /opt/gcc-arm-none-eabi/bin/../lib/gcc/arm-none-eabi/13.3.1/thumb/v7e-m+fp/hard/crtbegin.o
 *(.init)
 .init          0x08003424        0x4 /opt/gcc-arm-none-eabi/bin/../lib/gcc/arm-none-eabi/13.3.1/thumb/v7e-m+fp/hard/crti.o
                0x08003424                _init
 .init          0x08003428        0x8 /opt/gcc-arm-none-eabi/bin/../lib/gcc/arm-none-eabi/13.3.1/thumb/v7e-m+fp/hard/crtn.o
 *(.fini)
 .fini          0x08003430        0x4 /opt/gcc-arm-none-eabi/bin/../lib/gcc/arm-none-eabi/13.3.1/thumb/v7e-m+fp/hard/crti.o
                0x08003430                _fini
 .fini          0x08003434        0x8 /opt/gcc-arm-none-eabi/bin/../lib/gcc/arm-none-eabi/13.3.1/thumb/v7e-m+fp/hard/crtn.o
                0x0800343c                        . = ALIGN (0x4)
                0x0800343c                        _etext = .

.vfp11_veneer   0x0800343c        0x0
 .vfp11_veneer  0x0800343c        0x0 linker stubs

.v4_bx          0x0800343c        0x0
 .v4_bx         0x0800343c        0x0 linker stubs

.iplt           0x0800343c        0x0
 .iplt          0x0800343c        0x0 /opt/gcc-arm-none-eabi/bin/../lib/gcc/arm-none-eabi/13.3.1/thumb/v7e-m+fp/hard/crtbegin.o

.rodata         0x0800343c       0x94
                0x0800343c                        . = ALIGN (0x4)
 *(.rodata)
 *(.rodata*)
 .rodata.HAL_UARTEx_RxEventCallback.str1.4
                0x0800343c       0x3e build/debug/Core/Src/main.o
                                 0x21 (size before relaxing)
 .rodata.main.str1.4
                0x0800347a       0x16 build/debug/Core/Src/main.o
 *fill*         0x0800347a        0x2 
 .rodata.APBPrescTable
                0x0800347c        0x8 build/debug/Core/Src/system_stm32f4xx.o
                0x0800347c                APBPrescTable
 .rodata.AHBPrescTable
                0x08003484       0x10 build/debug/Core/Src/system_stm32f4xx.o
                0x08003484                AHBPrescTable
 .rodata.flagBitshiftOffset.0
                0x08003494        0x8 build/debug/Drivers/STM32F4xx_HAL_Driver/Src/stm32f4xx_hal_dma.o
 .rodata._svfprintf_r.str1.1
                0x0800349c       0x33 /opt/gcc-arm-none-eabi/bin/../lib/gcc/arm-none-eabi/13.3.1/../../../../arm-none-eabi/lib/thumb/v7e-m+fp/hard/libc_nano.a(libc_a-nano-svfprintf.o)
                                 0x11 (size before relaxing)
 .rodata._printf_i.str1.1
                0x080034cf       0x22 /opt/gcc-arm-none-eabi/bin/../lib/gcc/arm-none-eabi/13.3.1/../../../../arm-none-eabi/lib/thumb/v7e-m+fp/hard/libc_nano.a(libc_a-nano-vfprintf_i.o)
                0x080034f4                        . = ALIGN (0x4)
 *fill*         0x080034cf        0x1 

.ARM.extab
 *(.ARM.extab* .gnu.linkonce.armextab.*)

.ARM            0x080034d0        0x8
                0x080034d0                        __exidx_start = .
 *(.ARM.exidx*)
 .ARM.exidx     0x080034d0        0x8 /opt/gcc-arm-none-eabi/bin/../lib/gcc/arm-none-eabi/13.3.1/../../../../arm-none-eabi/lib/thumb/v7e-m+fp/hard/libc_nano.a(libc_a-strcmp.o)
 .ARM.exidx     0x080034d8        0x0 /opt/gcc-arm-none-eabi/bin/../lib/gcc/arm-none-eabi/13.3.1/../../../../arm-none-eabi/lib/thumb/v7e-m+fp/hard/libc_nano.a(libc_a-strlen.o)
                                  0x8 (size before relaxing)
 .ARM.exidx     0x080034d8        0x0 /opt/gcc-arm-none-eabi/bin/../lib/gcc/arm-none-eabi/13.3.1/../../../../arm-none-eabi/lib/thumb/v7e-m+fp/hard/libc_nano.a(libc_a-memchr.o)
                                  0x8 (size before relaxing)
 .ARM.exidx.text.__udivmoddi4
                0x080034d8        0x0 /opt/gcc-arm-none-eabi/bin/../lib/gcc/arm-none-eabi/13.3.1/thumb/v7e-m+fp/hard/libgcc.a(_udivmoddi4.o)
                                  0x8 (size before relaxing)
                0x080034d8                        __exidx_end = .

.rel.dyn        0x080034d8        0x0
 .rel.iplt      0x080034d8        0x0 /opt/gcc-arm-none-eabi/bin/../lib/gcc/arm-none-eabi/13.3.1/thumb/v7e-m+fp/hard/crtbegin.o

.preinit_array  0x080034d8        0x0
                0x080034d8                        PROVIDE (__preinit_array_start = .)
 *(.preinit_array*)
                0x080034d8                        PROVIDE (__preinit_array_end = .)

.init_array     0x080034d8        0x4
                0x080034d8                        PROVIDE (__init_array_start = .)
 *(SORT_BY_NAME(.init_array.*))
 *(.init_array*)
 .init_array    0x080034d8        0x4 /opt/gcc-arm-none-eabi/bin/../lib/gcc/arm-none-eabi/13.3.1/thumb/v7e-m+fp/hard/crtbegin.o
                0x080034dc                        PROVIDE (__init_array_end = .)

.fini_array     0x080034dc        0x4
                [!provide]                        PROVIDE (__fini_array_start = .)
 *(SORT_BY_NAME(.fini_array.*))
 *(.fini_array*)
 .fini_array    0x080034dc        0x4 /opt/gcc-arm-none-eabi/bin/../lib/gcc/arm-none-eabi/13.3.1/thumb/v7e-m+fp/hard/crtbegin.o
                [!provide]                        PROVIDE (__fini_array_end = .)
                0x080034e0                        _sidata = LOADADDR (.data)

.data           0x20000000       0x5c load address 0x080034e0
                0x20000000                        . = ALIGN (0x4)
                0x20000000                        _sdata = .
 *(.data)
 *(.data*)
 .data.SystemCoreClock
                0x20000000        0x4 build/debug/Core/Src/system_stm32f4xx.o
                0x20000000                SystemCoreClock
 .data.uwTickFreq
                0x20000004        0x1 build/debug/Drivers/STM32F4xx_HAL_Driver/Src/stm32f4xx_hal.o
                0x20000004                uwTickFreq
 *fill*         0x20000005        0x3 
 .data.uwTickPrio
                0x20000008        0x4 build/debug/Drivers/STM32F4xx_HAL_Driver/Src/stm32f4xx_hal.o
                0x20000008                uwTickPrio
 .data._impure_ptr
                0x2000000c        0x4 /opt/gcc-arm-none-eabi/bin/../lib/gcc/arm-none-eabi/13.3.1/../../../../arm-none-eabi/lib/thumb/v7e-m+fp/hard/libc_nano.a(libc_a-impure.o)
                0x2000000c                _impure_ptr
 .data._impure_data
                0x20000010       0x4c /opt/gcc-arm-none-eabi/bin/../lib/gcc/arm-none-eabi/13.3.1/../../../../arm-none-eabi/lib/thumb/v7e-m+fp/hard/libc_nano.a(libc_a-impure.o)
                0x20000010                _impure_data
                0x2000005c                        . = ALIGN (0x4)
                0x2000005c                        _edata = .

.tm_clone_table
                0x2000005c        0x0 load address 0x0800353c
 .tm_clone_table
                0x2000005c        0x0 /opt/gcc-arm-none-eabi/bin/../lib/gcc/arm-none-eabi/13.3.1/thumb/v7e-m+fp/hard/crtbegin.o
 .tm_clone_table
                0x2000005c        0x0 /opt/gcc-arm-none-eabi/bin/../lib/gcc/arm-none-eabi/13.3.1/thumb/v7e-m+fp/hard/crtend.o

.igot.plt       0x2000005c        0x0 load address 0x0800353c
 .igot.plt      0x2000005c        0x0 /opt/gcc-arm-none-eabi/bin/../lib/gcc/arm-none-eabi/13.3.1/thumb/v7e-m+fp/hard/crtbegin.o
                0x2000005c                        . = ALIGN (0x4)

.bss            0x2000005c      0x30c load address 0x0800353c
                0x2000005c                        _sbss = .
                0x2000005c                        __bss_start__ = _sbss
 *(.bss)
 *(.bss*)
 .bss.completed.1
                0x2000005c        0x1 /opt/gcc-arm-none-eabi/bin/../lib/gcc/arm-none-eabi/13.3.1/thumb/v7e-m+fp/hard/crtbegin.o
 *fill*         0x2000005d        0x3 
 .bss.object.0  0x20000060       0x18 /opt/gcc-arm-none-eabi/bin/../lib/gcc/arm-none-eabi/13.3.1/thumb/v7e-m+fp/hard/crtbegin.o
 .bss.is_rnd    0x20000078        0x1 build/debug/Core/Src/main.o
                0x20000078                is_rnd
 .bss.is_avg    0x20000079        0x1 build/debug/Core/Src/main.o
                0x20000079                is_avg
 .bss.is_raw    0x2000007a        0x1 build/debug/Core/Src/main.o
                0x2000007a                is_raw
 .bss.is_adc_ready
                0x2000007b        0x1 build/debug/Core/Src/main.o
                0x2000007b                is_adc_ready
 .bss.STATE     0x2000007c        0x1 build/debug/Core/Src/main.o
                0x2000007c                STATE
 .bss.command_idx
                0x2000007d        0x1 build/debug/Core/Src/main.o
                0x2000007d                command_idx
 *fill*         0x2000007e        0x2 
 .bss.command   0x20000080       0x1e build/debug/Core/Src/main.o
                0x20000080                command
 *fill*         0x2000009e        0x2 
 .bss.input_buffer
                0x200000a0       0x1e build/debug/Core/Src/main.o
                0x200000a0                input_buffer
 *fill*         0x200000be        0x2 
 .bss.Digital_Hall
                0x200000c0        0x4 build/debug/Core/Src/main.o
                0x200000c0                Digital_Hall
 .bss.Analog_Hall
                0x200000c4        0x4 build/debug/Core/Src/main.o
                0x200000c4                Analog_Hall
 .bss.hdma_usart2_tx
                0x200000c8       0x60 build/debug/Core/Src/main.o
                0x200000c8                hdma_usart2_tx
 .bss.huart2    0x20000128       0x48 build/debug/Core/Src/main.o
                0x20000128                huart2
 .bss.hdma_adc1
                0x20000170       0x60 build/debug/Core/Src/main.o
                0x20000170                hdma_adc1
 .bss.hadc1     0x200001d0       0x48 build/debug/Core/Src/main.o
                0x200001d0                hadc1
 .bss.__sbrk_heap_end
                0x20000218        0x4 build/debug/Core/Src/sysmem.o
 .bss.uwTick    0x2000021c        0x4 build/debug/Drivers/STM32F4xx_HAL_Driver/Src/stm32f4xx_hal.o
                0x2000021c                uwTick
 .bss.__sf      0x20000220      0x138 /opt/gcc-arm-none-eabi/bin/../lib/gcc/arm-none-eabi/13.3.1/../../../../arm-none-eabi/lib/thumb/v7e-m+fp/hard/libc_nano.a(libc_a-findfp.o)
                0x20000220                __sf
 .bss.__lock___malloc_recursive_mutex
                0x20000358        0x1 /opt/gcc-arm-none-eabi/bin/../lib/gcc/arm-none-eabi/13.3.1/../../../../arm-none-eabi/lib/thumb/v7e-m+fp/hard/libc_nano.a(libc_a-lock.o)
                0x20000358                __lock___malloc_recursive_mutex
 *fill*         0x20000359        0x3 
 .bss.__malloc_sbrk_start
                0x2000035c        0x4 /opt/gcc-arm-none-eabi/bin/../lib/gcc/arm-none-eabi/13.3.1/../../../../arm-none-eabi/lib/thumb/v7e-m+fp/hard/libc_nano.a(libc_a-mallocr.o)
                0x2000035c                __malloc_sbrk_start
 .bss.__malloc_free_list
                0x20000360        0x4 /opt/gcc-arm-none-eabi/bin/../lib/gcc/arm-none-eabi/13.3.1/../../../../arm-none-eabi/lib/thumb/v7e-m+fp/hard/libc_nano.a(libc_a-mallocr.o)
                0x20000360                __malloc_free_list
 .bss.errno     0x20000364        0x4 /opt/gcc-arm-none-eabi/bin/../lib/gcc/arm-none-eabi/13.3.1/../../../../arm-none-eabi/lib/thumb/v7e-m+fp/hard/libc_nano.a(libc_a-reent.o)
                0x20000364                errno
 *(COMMON)
                0x20000368                        . = ALIGN (0x4)
                0x20000368                        _ebss = .
                0x20000368                        __bss_end__ = _ebss

._user_heap_stack
                0x20000368      0x600 load address 0x0800353c
                0x20000368                        . = ALIGN (0x8)
                [!provide]                        PROVIDE (end = .)
                0x20000368                        PROVIDE (_end = .)
                0x20000568                        . = (. + _Min_Heap_Size)
 *fill*         0x20000368      0x200 
                0x20000968                        . = (. + _Min_Stack_Size)
 *fill*         0x20000568      0x400 
                0x20000968                        . = ALIGN (0x8)

/DISCARD/
 libc.a(*)
 libm.a(*)
 libgcc.a(*)

.ARM.attributes
                0x00000000       0x30
 *(.ARM.attributes)
 .ARM.attributes
                0x00000000       0x22 /opt/gcc-arm-none-eabi/bin/../lib/gcc/arm-none-eabi/13.3.1/thumb/v7e-m+fp/hard/crti.o
 .ARM.attributes
                0x00000022       0x34 /opt/gcc-arm-none-eabi/bin/../lib/gcc/arm-none-eabi/13.3.1/thumb/v7e-m+fp/hard/crtbegin.o
 .ARM.attributes
                0x00000056       0x34 build/debug/Core/Src/main.o
 .ARM.attributes
                0x0000008a       0x34 build/debug/Core/Src/stm32f4xx_hal_msp.o
 .ARM.attributes
                0x000000be       0x34 build/debug/Core/Src/stm32f4xx_it.o
 .ARM.attributes
                0x000000f2       0x34 build/debug/Core/Src/sysmem.o
 .ARM.attributes
                0x00000126       0x34 build/debug/Core/Src/system_stm32f4xx.o
 .ARM.attributes
                0x0000015a       0x34 build/debug/Drivers/STM32F4xx_HAL_Driver/Src/stm32f4xx_hal.o
 .ARM.attributes
                0x0000018e       0x34 build/debug/Drivers/STM32F4xx_HAL_Driver/Src/stm32f4xx_hal_adc.o
 .ARM.attributes
                0x000001c2       0x34 build/debug/Drivers/STM32F4xx_HAL_Driver/Src/stm32f4xx_hal_cortex.o
 .ARM.attributes
                0x000001f6       0x34 build/debug/Drivers/STM32F4xx_HAL_Driver/Src/stm32f4xx_hal_dma.o
 .ARM.attributes
                0x0000022a       0x34 build/debug/Drivers/STM32F4xx_HAL_Driver/Src/stm32f4xx_hal_gpio.o
 .ARM.attributes
                0x0000025e       0x34 build/debug/Drivers/STM32F4xx_HAL_Driver/Src/stm32f4xx_hal_rcc.o
 .ARM.attributes
                0x00000292       0x34 build/debug/Drivers/STM32F4xx_HAL_Driver/Src/stm32f4xx_hal_rcc_ex.o
 .ARM.attributes
                0x000002c6       0x34 build/debug/Drivers/STM32F4xx_HAL_Driver/Src/stm32f4xx_hal_uart.o
 .ARM.attributes
                0x000002fa       0x21 build/debug/startup_stm32f446xx.o
 .ARM.attributes
                0x0000031b       0x34 /opt/gcc-arm-none-eabi/bin/../lib/gcc/arm-none-eabi/13.3.1/../../../../arm-none-eabi/lib/thumb/v7e-m+fp/hard/libc_nano.a(libc_a-errno.o)
 .ARM.attributes
                0x0000034f       0x34 /opt/gcc-arm-none-eabi/bin/../lib/gcc/arm-none-eabi/13.3.1/../../../../arm-none-eabi/lib/thumb/v7e-m+fp/hard/libc_nano.a(libc_a-init.o)
 .ARM.attributes
                0x00000383       0x34 /opt/gcc-arm-none-eabi/bin/../lib/gcc/arm-none-eabi/13.3.1/../../../../arm-none-eabi/lib/thumb/v7e-m+fp/hard/libc_nano.a(libc_a-memset.o)
 .ARM.attributes
                0x000003b7       0x20 /opt/gcc-arm-none-eabi/bin/../lib/gcc/arm-none-eabi/13.3.1/../../../../arm-none-eabi/lib/thumb/v7e-m+fp/hard/libc_nano.a(libc_a-strcmp.o)
 .ARM.attributes
                0x000003d7       0x34 /opt/gcc-arm-none-eabi/bin/../lib/gcc/arm-none-eabi/13.3.1/../../../../arm-none-eabi/lib/thumb/v7e-m+fp/hard/libc_nano.a(libc_a-impure.o)
 .ARM.attributes
                0x0000040b       0x17 /opt/gcc-arm-none-eabi/bin/../lib/gcc/arm-none-eabi/13.3.1/../../../../arm-none-eabi/lib/thumb/v7e-m+fp/hard/libc_nano.a(libc_a-strlen.o)
 .ARM.attributes
                0x00000422       0x34 /opt/gcc-arm-none-eabi/bin/../lib/gcc/arm-none-eabi/13.3.1/../../../../arm-none-eabi/lib/thumb/v7e-m+fp/hard/libc_nano.a(libc_a-findfp.o)
 .ARM.attributes
                0x00000456       0x34 /opt/gcc-arm-none-eabi/bin/../lib/gcc/arm-none-eabi/13.3.1/../../../../arm-none-eabi/lib/thumb/v7e-m+fp/hard/libc_nano.a(libc_a-snprintf.o)
 .ARM.attributes
                0x0000048a       0x34 /opt/gcc-arm-none-eabi/bin/../lib/gcc/arm-none-eabi/13.3.1/../../../../arm-none-eabi/lib/thumb/v7e-m+fp/hard/libc_nano.a(libc_a-nano-svfprintf.o)
 .ARM.attributes
                0x000004be       0x34 /opt/gcc-arm-none-eabi/bin/../lib/gcc/arm-none-eabi/13.3.1/../../../../arm-none-eabi/lib/thumb/v7e-m+fp/hard/libc_nano.a(libc_a-memmove.o)
 .ARM.attributes
                0x000004f2       0x34 /opt/gcc-arm-none-eabi/bin/../lib/gcc/arm-none-eabi/13.3.1/../../../../arm-none-eabi/lib/thumb/v7e-m+fp/hard/libc_nano.a(libc_a-lock.o)
 .ARM.attributes
                0x00000526       0x34 /opt/gcc-arm-none-eabi/bin/../lib/gcc/arm-none-eabi/13.3.1/../../../../arm-none-eabi/lib/thumb/v7e-m+fp/hard/libc_nano.a(libc_a-nano-vfprintf_i.o)
 .ARM.attributes
                0x0000055a       0x34 /opt/gcc-arm-none-eabi/bin/../lib/gcc/arm-none-eabi/13.3.1/../../../../arm-none-eabi/lib/thumb/v7e-m+fp/hard/libc_nano.a(libc_a-mallocr.o)
 .ARM.attributes
                0x0000058e       0x34 /opt/gcc-arm-none-eabi/bin/../lib/gcc/arm-none-eabi/13.3.1/../../../../arm-none-eabi/lib/thumb/v7e-m+fp/hard/libc_nano.a(libc_a-reent.o)
 .ARM.attributes
                0x000005c2       0x1c /opt/gcc-arm-none-eabi/bin/../lib/gcc/arm-none-eabi/13.3.1/../../../../arm-none-eabi/lib/thumb/v7e-m+fp/hard/libc_nano.a(libc_a-memchr.o)
 .ARM.attributes
                0x000005de       0x34 /opt/gcc-arm-none-eabi/bin/../lib/gcc/arm-none-eabi/13.3.1/../../../../arm-none-eabi/lib/thumb/v7e-m+fp/hard/libc_nano.a(libc_a-memcpy-stub.o)
 .ARM.attributes
                0x00000612       0x34 /opt/gcc-arm-none-eabi/bin/../lib/gcc/arm-none-eabi/13.3.1/../../../../arm-none-eabi/lib/thumb/v7e-m+fp/hard/libc_nano.a(libc_a-mlock.o)
 .ARM.attributes
                0x00000646       0x34 /opt/gcc-arm-none-eabi/bin/../lib/gcc/arm-none-eabi/13.3.1/../../../../arm-none-eabi/lib/thumb/v7e-m+fp/hard/libc_nano.a(libc_a-sbrkr.o)
 .ARM.attributes
                0x0000067a       0x34 /opt/gcc-arm-none-eabi/bin/../lib/gcc/arm-none-eabi/13.3.1/../../../../arm-none-eabi/lib/thumb/v7e-m+fp/hard/libc_nano.a(libc_a-reallocr.o)
 .ARM.attributes
                0x000006ae       0x34 /opt/gcc-arm-none-eabi/bin/../lib/gcc/arm-none-eabi/13.3.1/../../../../arm-none-eabi/lib/thumb/v7e-m+fp/hard/libc_nano.a(libc_a-freer.o)
 .ARM.attributes
                0x000006e2       0x34 /opt/gcc-arm-none-eabi/bin/../lib/gcc/arm-none-eabi/13.3.1/../../../../arm-none-eabi/lib/thumb/v7e-m+fp/hard/libc_nano.a(libc_a-msizer.o)
 .ARM.attributes
                0x00000716       0x22 /opt/gcc-arm-none-eabi/bin/../lib/gcc/arm-none-eabi/13.3.1/thumb/v7e-m+fp/hard/libgcc.a(_aeabi_uldivmod.o)
 .ARM.attributes
                0x00000738       0x34 /opt/gcc-arm-none-eabi/bin/../lib/gcc/arm-none-eabi/13.3.1/thumb/v7e-m+fp/hard/libgcc.a(_udivmoddi4.o)
 .ARM.attributes
                0x0000076c       0x22 /opt/gcc-arm-none-eabi/bin/../lib/gcc/arm-none-eabi/13.3.1/thumb/v7e-m+fp/hard/libgcc.a(_dvmd_tls.o)
 .ARM.attributes
                0x0000078e       0x34 /opt/gcc-arm-none-eabi/bin/../lib/gcc/arm-none-eabi/13.3.1/thumb/v7e-m+fp/hard/crtend.o
 .ARM.attributes
                0x000007c2       0x22 /opt/gcc-arm-none-eabi/bin/../lib/gcc/arm-none-eabi/13.3.1/thumb/v7e-m+fp/hard/crtn.o
OUTPUT(build/test-micro-hopefully.elf elf32-littlearm)
LOAD linker stubs
LOAD /opt/gcc-arm-none-eabi/bin/../lib/gcc/arm-none-eabi/13.3.1/../../../../arm-none-eabi/lib/thumb/v7e-m+fp/hard/libc.a
LOAD /opt/gcc-arm-none-eabi/bin/../lib/gcc/arm-none-eabi/13.3.1/../../../../arm-none-eabi/lib/thumb/v7e-m+fp/hard/libm.a
LOAD /opt/gcc-arm-none-eabi/bin/../lib/gcc/arm-none-eabi/13.3.1/thumb/v7e-m+fp/hard/libgcc.a

.debug_info     0x00000000     0xc93d
 .debug_info    0x00000000     0x1909 build/debug/Core/Src/main.o
 .debug_info    0x00001909     0x1035 build/debug/Core/Src/stm32f4xx_hal_msp.o
 .debug_info    0x0000293e      0x715 build/debug/Core/Src/stm32f4xx_it.o
 .debug_info    0x00003053      0x171 build/debug/Core/Src/sysmem.o
 .debug_info    0x000031c4      0x55f build/debug/Core/Src/system_stm32f4xx.o
 .debug_info    0x00003723      0xa38 build/debug/Drivers/STM32F4xx_HAL_Driver/Src/stm32f4xx_hal.o
 .debug_info    0x0000415b      0xe82 build/debug/Drivers/STM32F4xx_HAL_Driver/Src/stm32f4xx_hal_adc.o
 .debug_info    0x00004fdd     0x1013 build/debug/Drivers/STM32F4xx_HAL_Driver/Src/stm32f4xx_hal_cortex.o
 .debug_info    0x00005ff0      0xad9 build/debug/Drivers/STM32F4xx_HAL_Driver/Src/stm32f4xx_hal_dma.o
 .debug_info    0x00006ac9      0x74c build/debug/Drivers/STM32F4xx_HAL_Driver/Src/stm32f4xx_hal_gpio.o
 .debug_info    0x00007215      0xaa9 build/debug/Drivers/STM32F4xx_HAL_Driver/Src/stm32f4xx_hal_rcc.o
 .debug_info    0x00007cbe      0xc4f build/debug/Drivers/STM32F4xx_HAL_Driver/Src/stm32f4xx_hal_rcc_ex.o
 .debug_info    0x0000890d     0x4000 build/debug/Drivers/STM32F4xx_HAL_Driver/Src/stm32f4xx_hal_uart.o
 .debug_info    0x0000c90d       0x30 build/debug/startup_stm32f446xx.o

.debug_abbrev   0x00000000     0x1ec9
 .debug_abbrev  0x00000000      0x361 build/debug/Core/Src/main.o
 .debug_abbrev  0x00000361      0x22b build/debug/Core/Src/stm32f4xx_hal_msp.o
 .debug_abbrev  0x0000058c      0x1c1 build/debug/Core/Src/stm32f4xx_it.o
 .debug_abbrev  0x0000074d       0xea build/debug/Core/Src/sysmem.o
 .debug_abbrev  0x00000837      0x11e build/debug/Core/Src/system_stm32f4xx.o
 .debug_abbrev  0x00000955      0x240 build/debug/Drivers/STM32F4xx_HAL_Driver/Src/stm32f4xx_hal.o
 .debug_abbrev  0x00000b95      0x278 build/debug/Drivers/STM32F4xx_HAL_Driver/Src/stm32f4xx_hal_adc.o
 .debug_abbrev  0x00000e0d      0x391 build/debug/Drivers/STM32F4xx_HAL_Driver/Src/stm32f4xx_hal_cortex.o
 .debug_abbrev  0x0000119e      0x2c0 build/debug/Drivers/STM32F4xx_HAL_Driver/Src/stm32f4xx_hal_dma.o
 .debug_abbrev  0x0000145e      0x202 build/debug/Drivers/STM32F4xx_HAL_Driver/Src/stm32f4xx_hal_gpio.o
 .debug_abbrev  0x00001660      0x2c7 build/debug/Drivers/STM32F4xx_HAL_Driver/Src/stm32f4xx_hal_rcc.o
 .debug_abbrev  0x00001927      0x24f build/debug/Drivers/STM32F4xx_HAL_Driver/Src/stm32f4xx_hal_rcc_ex.o
 .debug_abbrev  0x00001b76      0x32f build/debug/Drivers/STM32F4xx_HAL_Driver/Src/stm32f4xx_hal_uart.o
 .debug_abbrev  0x00001ea5       0x24 build/debug/startup_stm32f446xx.o

.debug_loclists
                0x00000000     0x58e5
 .debug_loclists
                0x00000000       0xfc build/debug/Core/Src/main.o
 .debug_loclists
                0x000000fc       0xac build/debug/Core/Src/stm32f4xx_hal_msp.o
 .debug_loclists
                0x000001a8       0x52 build/debug/Core/Src/sysmem.o
 .debug_loclists
                0x000001fa       0xfa build/debug/Core/Src/system_stm32f4xx.o
 .debug_loclists
                0x000002f4       0xe1 build/debug/Drivers/STM32F4xx_HAL_Driver/Src/stm32f4xx_hal.o
 .debug_loclists
                0x000003d5      0x920 build/debug/Drivers/STM32F4xx_HAL_Driver/Src/stm32f4xx_hal_adc.o
 .debug_loclists
                0x00000cf5      0x54d build/debug/Drivers/STM32F4xx_HAL_Driver/Src/stm32f4xx_hal_cortex.o
 .debug_loclists
                0x00001242      0x88a build/debug/Drivers/STM32F4xx_HAL_Driver/Src/stm32f4xx_hal_dma.o
 .debug_loclists
                0x00001acc      0x386 build/debug/Drivers/STM32F4xx_HAL_Driver/Src/stm32f4xx_hal_gpio.o
 .debug_loclists
                0x00001e52      0x3e5 build/debug/Drivers/STM32F4xx_HAL_Driver/Src/stm32f4xx_hal_rcc.o
 .debug_loclists
                0x00002237      0xa25 build/debug/Drivers/STM32F4xx_HAL_Driver/Src/stm32f4xx_hal_rcc_ex.o
 .debug_loclists
                0x00002c5c     0x2c89 build/debug/Drivers/STM32F4xx_HAL_Driver/Src/stm32f4xx_hal_uart.o

.debug_aranges  0x00000000      0x860
 .debug_aranges
                0x00000000       0x68 build/debug/Core/Src/main.o
 .debug_aranges
                0x00000068       0x40 build/debug/Core/Src/stm32f4xx_hal_msp.o
 .debug_aranges
                0x000000a8       0x88 build/debug/Core/Src/stm32f4xx_it.o
 .debug_aranges
                0x00000130       0x20 build/debug/Core/Src/sysmem.o
 .debug_aranges
                0x00000150       0x28 build/debug/Core/Src/system_stm32f4xx.o
 .debug_aranges
                0x00000178       0xf0 build/debug/Drivers/STM32F4xx_HAL_Driver/Src/stm32f4xx_hal.o
 .debug_aranges
                0x00000268       0xe8 build/debug/Drivers/STM32F4xx_HAL_Driver/Src/stm32f4xx_hal_adc.o
 .debug_aranges
                0x00000350       0xf8 build/debug/Drivers/STM32F4xx_HAL_Driver/Src/stm32f4xx_hal_cortex.o
 .debug_aranges
                0x00000448       0x90 build/debug/Drivers/STM32F4xx_HAL_Driver/Src/stm32f4xx_hal_dma.o
 .debug_aranges
                0x000004d8       0x58 build/debug/Drivers/STM32F4xx_HAL_Driver/Src/stm32f4xx_hal_gpio.o
 .debug_aranges
                0x00000530       0x88 build/debug/Drivers/STM32F4xx_HAL_Driver/Src/stm32f4xx_hal_rcc.o
 .debug_aranges
                0x000005b8       0x78 build/debug/Drivers/STM32F4xx_HAL_Driver/Src/stm32f4xx_hal_rcc_ex.o
 .debug_aranges
                0x00000630      0x208 build/debug/Drivers/STM32F4xx_HAL_Driver/Src/stm32f4xx_hal_uart.o
 .debug_aranges
                0x00000838       0x28 build/debug/startup_stm32f446xx.o

.debug_rnglists
                0x00000000      0x696
 .debug_rnglists
                0x00000000       0x82 build/debug/Core/Src/main.o
 .debug_rnglists
                0x00000082       0x2d build/debug/Core/Src/stm32f4xx_hal_msp.o
 .debug_rnglists
                0x000000af       0x61 build/debug/Core/Src/stm32f4xx_it.o
 .debug_rnglists
                0x00000110       0x13 build/debug/Core/Src/sysmem.o
 .debug_rnglists
                0x00000123       0x1a build/debug/Core/Src/system_stm32f4xx.o
 .debug_rnglists
                0x0000013d       0xaf build/debug/Drivers/STM32F4xx_HAL_Driver/Src/stm32f4xx_hal.o
 .debug_rnglists
                0x000001ec       0xb0 build/debug/Drivers/STM32F4xx_HAL_Driver/Src/stm32f4xx_hal_adc.o
 .debug_rnglists
                0x0000029c       0xb5 build/debug/Drivers/STM32F4xx_HAL_Driver/Src/stm32f4xx_hal_cortex.o
 .debug_rnglists
                0x00000351       0x6c build/debug/Drivers/STM32F4xx_HAL_Driver/Src/stm32f4xx_hal_dma.o
 .debug_rnglists
                0x000003bd       0x3f build/debug/Drivers/STM32F4xx_HAL_Driver/Src/stm32f4xx_hal_gpio.o
 .debug_rnglists
                0x000003fc       0x75 build/debug/Drivers/STM32F4xx_HAL_Driver/Src/stm32f4xx_hal_rcc.o
 .debug_rnglists
                0x00000471       0x6b build/debug/Drivers/STM32F4xx_HAL_Driver/Src/stm32f4xx_hal_rcc_ex.o
 .debug_rnglists
                0x000004dc      0x1a1 build/debug/Drivers/STM32F4xx_HAL_Driver/Src/stm32f4xx_hal_uart.o
 .debug_rnglists
                0x0000067d       0x19 build/debug/startup_stm32f446xx.o

.debug_line     0x00000000     0x9961
 .debug_line    0x00000000      0x7e4 build/debug/Core/Src/main.o
 .debug_line    0x000007e4      0x3e7 build/debug/Core/Src/stm32f4xx_hal_msp.o
 .debug_line    0x00000bcb      0x2da build/debug/Core/Src/stm32f4xx_it.o
 .debug_line    0x00000ea5      0x172 build/debug/Core/Src/sysmem.o
 .debug_line    0x00001017      0x21a build/debug/Core/Src/system_stm32f4xx.o
 .debug_line    0x00001231      0x533 build/debug/Drivers/STM32F4xx_HAL_Driver/Src/stm32f4xx_hal.o
 .debug_line    0x00001764     0x108b build/debug/Drivers/STM32F4xx_HAL_Driver/Src/stm32f4xx_hal_adc.o
 .debug_line    0x000027ef      0x7f6 build/debug/Drivers/STM32F4xx_HAL_Driver/Src/stm32f4xx_hal_cortex.o
 .debug_line    0x00002fe5      0xdff build/debug/Drivers/STM32F4xx_HAL_Driver/Src/stm32f4xx_hal_dma.o
 .debug_line    0x00003de4      0x6ad build/debug/Drivers/STM32F4xx_HAL_Driver/Src/stm32f4xx_hal_gpio.o
 .debug_line    0x00004491      0xb91 build/debug/Drivers/STM32F4xx_HAL_Driver/Src/stm32f4xx_hal_rcc.o
 .debug_line    0x00005022     0x1440 build/debug/Drivers/STM32F4xx_HAL_Driver/Src/stm32f4xx_hal_rcc_ex.o
 .debug_line    0x00006462     0x3489 build/debug/Drivers/STM32F4xx_HAL_Driver/Src/stm32f4xx_hal_uart.o
 .debug_line    0x000098eb       0x76 build/debug/startup_stm32f446xx.o

.debug_str      0x00000000     0x2e1c
 .debug_str     0x00000000     0x2e1c build/debug/Core/Src/main.o
                               0x1309 (size before relaxing)
 .debug_str     0x00002e1c      0xf9a build/debug/Core/Src/stm32f4xx_hal_msp.o
 .debug_str     0x00002e1c      0x75d build/debug/Core/Src/stm32f4xx_it.o
 .debug_str     0x00002e1c      0x206 build/debug/Core/Src/sysmem.o
 .debug_str     0x00002e1c      0x37b build/debug/Core/Src/system_stm32f4xx.o
 .debug_str     0x00002e1c      0xbab build/debug/Drivers/STM32F4xx_HAL_Driver/Src/stm32f4xx_hal.o
 .debug_str     0x00002e1c      0x943 build/debug/Drivers/STM32F4xx_HAL_Driver/Src/stm32f4xx_hal_adc.o
 .debug_str     0x00002e1c      0xc97 build/debug/Drivers/STM32F4xx_HAL_Driver/Src/stm32f4xx_hal_cortex.o
 .debug_str     0x00002e1c      0x757 build/debug/Drivers/STM32F4xx_HAL_Driver/Src/stm32f4xx_hal_dma.o
 .debug_str     0x00002e1c      0x4e6 build/debug/Drivers/STM32F4xx_HAL_Driver/Src/stm32f4xx_hal_gpio.o
 .debug_str     0x00002e1c      0x711 build/debug/Drivers/STM32F4xx_HAL_Driver/Src/stm32f4xx_hal_rcc.o
 .debug_str     0x00002e1c      0x7f8 build/debug/Drivers/STM32F4xx_HAL_Driver/Src/stm32f4xx_hal_rcc_ex.o
 .debug_str     0x00002e1c      0xd7c build/debug/Drivers/STM32F4xx_HAL_Driver/Src/stm32f4xx_hal_uart.o
 .debug_str     0x00002e1c       0x5f build/debug/startup_stm32f446xx.o

.comment        0x00000000       0x45
 .comment       0x00000000       0x45 build/debug/Core/Src/main.o
                                 0x46 (size before relaxing)
 .comment       0x00000045       0x46 build/debug/Core/Src/stm32f4xx_hal_msp.o
 .comment       0x00000045       0x46 build/debug/Core/Src/stm32f4xx_it.o
 .comment       0x00000045       0x46 build/debug/Core/Src/sysmem.o
 .comment       0x00000045       0x46 build/debug/Core/Src/system_stm32f4xx.o
 .comment       0x00000045       0x46 build/debug/Drivers/STM32F4xx_HAL_Driver/Src/stm32f4xx_hal.o
 .comment       0x00000045       0x46 build/debug/Drivers/STM32F4xx_HAL_Driver/Src/stm32f4xx_hal_adc.o
 .comment       0x00000045       0x46 build/debug/Drivers/STM32F4xx_HAL_Driver/Src/stm32f4xx_hal_cortex.o
 .comment       0x00000045       0x46 build/debug/Drivers/STM32F4xx_HAL_Driver/Src/stm32f4xx_hal_dma.o
 .comment       0x00000045       0x46 build/debug/Drivers/STM32F4xx_HAL_Driver/Src/stm32f4xx_hal_gpio.o
 .comment       0x00000045       0x46 build/debug/Drivers/STM32F4xx_HAL_Driver/Src/stm32f4xx_hal_rcc.o
 .comment       0x00000045       0x46 build/debug/Drivers/STM32F4xx_HAL_Driver/Src/stm32f4xx_hal_rcc_ex.o
 .comment       0x00000045       0x46 build/debug/Drivers/STM32F4xx_HAL_Driver/Src/stm32f4xx_hal_uart.o

.debug_frame    0x00000000     0x1aa0
 .debug_frame   0x00000000      0x114 build/debug/Core/Src/main.o
 .debug_frame   0x00000114       0xa4 build/debug/Core/Src/stm32f4xx_hal_msp.o
 .debug_frame   0x000001b8      0x120 build/debug/Core/Src/stm32f4xx_it.o
 .debug_frame   0x000002d8       0x28 build/debug/Core/Src/sysmem.o
 .debug_frame   0x00000300       0x30 build/debug/Core/Src/system_stm32f4xx.o
 .debug_frame   0x00000330      0x1ec build/debug/Drivers/STM32F4xx_HAL_Driver/Src/stm32f4xx_hal.o
 .debug_frame   0x0000051c      0x268 build/debug/Drivers/STM32F4xx_HAL_Driver/Src/stm32f4xx_hal_adc.o
 .debug_frame   0x00000784      0x214 build/debug/Drivers/STM32F4xx_HAL_Driver/Src/stm32f4xx_hal_cortex.o
 .debug_frame   0x00000998      0x188 build/debug/Drivers/STM32F4xx_HAL_Driver/Src/stm32f4xx_hal_dma.o
 .debug_frame   0x00000b20       0xd8 build/debug/Drivers/STM32F4xx_HAL_Driver/Src/stm32f4xx_hal_gpio.o
 .debug_frame   0x00000bf8      0x16c build/debug/Drivers/STM32F4xx_HAL_Driver/Src/stm32f4xx_hal_rcc.o
 .debug_frame   0x00000d64      0x14c build/debug/Drivers/STM32F4xx_HAL_Driver/Src/stm32f4xx_hal_rcc_ex.o
 .debug_frame   0x00000eb0      0x5dc build/debug/Drivers/STM32F4xx_HAL_Driver/Src/stm32f4xx_hal_uart.o
 .debug_frame   0x0000148c       0x20 /opt/gcc-arm-none-eabi/bin/../lib/gcc/arm-none-eabi/13.3.1/../../../../arm-none-eabi/lib/thumb/v7e-m+fp/hard/libc_nano.a(libc_a-errno.o)
 .debug_frame   0x000014ac       0x2c /opt/gcc-arm-none-eabi/bin/../lib/gcc/arm-none-eabi/13.3.1/../../../../arm-none-eabi/lib/thumb/v7e-m+fp/hard/libc_nano.a(libc_a-init.o)
 .debug_frame   0x000014d8       0x20 /opt/gcc-arm-none-eabi/bin/../lib/gcc/arm-none-eabi/13.3.1/../../../../arm-none-eabi/lib/thumb/v7e-m+fp/hard/libc_nano.a(libc_a-memset.o)
 .debug_frame   0x000014f8       0x20 /opt/gcc-arm-none-eabi/bin/../lib/gcc/arm-none-eabi/13.3.1/../../../../arm-none-eabi/lib/thumb/v7e-m+fp/hard/libc_nano.a(libc_a-strcmp.o)
 .debug_frame   0x00001518      0x144 /opt/gcc-arm-none-eabi/bin/../lib/gcc/arm-none-eabi/13.3.1/../../../../arm-none-eabi/lib/thumb/v7e-m+fp/hard/libc_nano.a(libc_a-findfp.o)
 .debug_frame   0x0000165c       0x7c /opt/gcc-arm-none-eabi/bin/../lib/gcc/arm-none-eabi/13.3.1/../../../../arm-none-eabi/lib/thumb/v7e-m+fp/hard/libc_nano.a(libc_a-snprintf.o)
 .debug_frame   0x000016d8       0x90 /opt/gcc-arm-none-eabi/bin/../lib/gcc/arm-none-eabi/13.3.1/../../../../arm-none-eabi/lib/thumb/v7e-m+fp/hard/libc_nano.a(libc_a-nano-svfprintf.o)
 .debug_frame   0x00001768       0x28 /opt/gcc-arm-none-eabi/bin/../lib/gcc/arm-none-eabi/13.3.1/../../../../arm-none-eabi/lib/thumb/v7e-m+fp/hard/libc_nano.a(libc_a-memmove.o)
 .debug_frame   0x00001790       0xb0 /opt/gcc-arm-none-eabi/bin/../lib/gcc/arm-none-eabi/13.3.1/../../../../arm-none-eabi/lib/thumb/v7e-m+fp/hard/libc_nano.a(libc_a-lock.o)
 .debug_frame   0x00001840       0x60 /opt/gcc-arm-none-eabi/bin/../lib/gcc/arm-none-eabi/13.3.1/../../../../arm-none-eabi/lib/thumb/v7e-m+fp/hard/libc_nano.a(libc_a-nano-vfprintf_i.o)
 .debug_frame   0x000018a0       0x50 /opt/gcc-arm-none-eabi/bin/../lib/gcc/arm-none-eabi/13.3.1/../../../../arm-none-eabi/lib/thumb/v7e-m+fp/hard/libc_nano.a(libc_a-mallocr.o)
 .debug_frame   0x000018f0       0x38 /opt/gcc-arm-none-eabi/bin/../lib/gcc/arm-none-eabi/13.3.1/../../../../arm-none-eabi/lib/thumb/v7e-m+fp/hard/libc_nano.a(libc_a-reent.o)
 .debug_frame   0x00001928       0x28 /opt/gcc-arm-none-eabi/bin/../lib/gcc/arm-none-eabi/13.3.1/../../../../arm-none-eabi/lib/thumb/v7e-m+fp/hard/libc_nano.a(libc_a-memcpy-stub.o)
 .debug_frame   0x00001950       0x30 /opt/gcc-arm-none-eabi/bin/../lib/gcc/arm-none-eabi/13.3.1/../../../../arm-none-eabi/lib/thumb/v7e-m+fp/hard/libc_nano.a(libc_a-mlock.o)
 .debug_frame   0x00001980       0x2c /opt/gcc-arm-none-eabi/bin/../lib/gcc/arm-none-eabi/13.3.1/../../../../arm-none-eabi/lib/thumb/v7e-m+fp/hard/libc_nano.a(libc_a-sbrkr.o)
 .debug_frame   0x000019ac       0x3c /opt/gcc-arm-none-eabi/bin/../lib/gcc/arm-none-eabi/13.3.1/../../../../arm-none-eabi/lib/thumb/v7e-m+fp/hard/libc_nano.a(libc_a-reallocr.o)
 .debug_frame   0x000019e8       0x38 /opt/gcc-arm-none-eabi/bin/../lib/gcc/arm-none-eabi/13.3.1/../../../../arm-none-eabi/lib/thumb/v7e-m+fp/hard/libc_nano.a(libc_a-freer.o)
 .debug_frame   0x00001a20       0x20 /opt/gcc-arm-none-eabi/bin/../lib/gcc/arm-none-eabi/13.3.1/../../../../arm-none-eabi/lib/thumb/v7e-m+fp/hard/libc_nano.a(libc_a-msizer.o)
 .debug_frame   0x00001a40       0x2c /opt/gcc-arm-none-eabi/bin/../lib/gcc/arm-none-eabi/13.3.1/thumb/v7e-m+fp/hard/libgcc.a(_aeabi_uldivmod.o)
 .debug_frame   0x00001a6c       0x34 /opt/gcc-arm-none-eabi/bin/../lib/gcc/arm-none-eabi/13.3.1/thumb/v7e-m+fp/hard/libgcc.a(_udivmoddi4.o)

.debug_line_str
                0x00000000      0x210
 .debug_line_str
                0x00000000      0x210 build/debug/startup_stm32f446xx.o
                                 0x43 (size before relaxing)
 .debug_line_str
                0x00000210       0xe3 /opt/gcc-arm-none-eabi/bin/../lib/gcc/arm-none-eabi/13.3.1/../../../../arm-none-eabi/lib/thumb/v7e-m+fp/hard/libc_nano.a(libc_a-strcmp.o)
 .debug_line_str
                0x00000210       0xe4 /opt/gcc-arm-none-eabi/bin/../lib/gcc/arm-none-eabi/13.3.1/../../../../arm-none-eabi/lib/thumb/v7e-m+fp/hard/libc_nano.a(libc_a-strlen.o)
 .debug_line_str
                0x00000210       0xda /opt/gcc-arm-none-eabi/bin/../lib/gcc/arm-none-eabi/13.3.1/../../../../arm-none-eabi/lib/thumb/v7e-m+fp/hard/libc_nano.a(libc_a-memchr.o)
 .debug_line_str
                0x00000210       0xc2 /opt/gcc-arm-none-eabi/bin/../lib/gcc/arm-none-eabi/13.3.1/thumb/v7e-m+fp/hard/libgcc.a(_aeabi_uldivmod.o)
 .debug_line_str
                0x00000210       0xc6 /opt/gcc-arm-none-eabi/bin/../lib/gcc/arm-none-eabi/13.3.1/thumb/v7e-m+fp/hard/libgcc.a(_dvmd_tls.o)

Cross Reference Table

Symbol                                            File
ADC_IRQHandler                                    build/debug/startup_stm32f446xx.o
AHBPrescTable                                     build/debug/Core/Src/system_stm32f4xx.o
                                                  build/debug/Drivers/STM32F4xx_HAL_Driver/Src/stm32f4xx_hal_rcc.o
APBPrescTable                                     build/debug/Core/Src/system_stm32f4xx.o
                                                  build/debug/Drivers/STM32F4xx_HAL_Driver/Src/stm32f4xx_hal_rcc.o
Analog_Hall                                       build/debug/Core/Src/main.o
BusFault_Handler                                  build/debug/Core/Src/stm32f4xx_it.o
CAN1_RX0_IRQHandler                               build/debug/startup_stm32f446xx.o
CAN1_RX1_IRQHandler                               build/debug/startup_stm32f446xx.o
CAN1_SCE_IRQHandler                               build/debug/startup_stm32f446xx.o
CAN1_TX_IRQHandler                                build/debug/startup_stm32f446xx.o
CAN2_RX0_IRQHandler                               build/debug/startup_stm32f446xx.o
CAN2_RX1_IRQHandler                               build/debug/startup_stm32f446xx.o
CAN2_SCE_IRQHandler                               build/debug/startup_stm32f446xx.o
CAN2_TX_IRQHandler                                build/debug/startup_stm32f446xx.o
CEC_IRQHandler                                    build/debug/startup_stm32f446xx.o
DCMI_IRQHandler                                   build/debug/startup_stm32f446xx.o
DMA1_Stream0_IRQHandler                           build/debug/startup_stm32f446xx.o
DMA1_Stream1_IRQHandler                           build/debug/startup_stm32f446xx.o
DMA1_Stream2_IRQHandler                           build/debug/startup_stm32f446xx.o
DMA1_Stream3_IRQHandler                           build/debug/startup_stm32f446xx.o
DMA1_Stream4_IRQHandler                           build/debug/startup_stm32f446xx.o
DMA1_Stream5_IRQHandler                           build/debug/startup_stm32f446xx.o
DMA1_Stream6_IRQHandler                           build/debug/Core/Src/stm32f4xx_it.o
DMA1_Stream7_IRQHandler                           build/debug/startup_stm32f446xx.o
DMA2_Stream0_IRQHandler                           build/debug/Core/Src/stm32f4xx_it.o
DMA2_Stream1_IRQHandler                           build/debug/startup_stm32f446xx.o
DMA2_Stream2_IRQHandler                           build/debug/startup_stm32f446xx.o
DMA2_Stream3_IRQHandler                           build/debug/startup_stm32f446xx.o
DMA2_Stream4_IRQHandler                           build/debug/startup_stm32f446xx.o
DMA2_Stream5_IRQHandler                           build/debug/startup_stm32f446xx.o
DMA2_Stream6_IRQHandler                           build/debug/startup_stm32f446xx.o
DMA2_Stream7_IRQHandler                           build/debug/startup_stm32f446xx.o
DebugMon_Handler                                  build/debug/Core/Src/stm32f4xx_it.o
Default_Handler                                   build/debug/startup_stm32f446xx.o
Digital_Hall                                      build/debug/Core/Src/main.o
EXTI0_IRQHandler                                  build/debug/startup_stm32f446xx.o
EXTI15_10_IRQHandler                              build/debug/Core/Src/stm32f4xx_it.o
EXTI1_IRQHandler                                  build/debug/startup_stm32f446xx.o
EXTI2_IRQHandler                                  build/debug/startup_stm32f446xx.o
EXTI3_IRQHandler                                  build/debug/startup_stm32f446xx.o
EXTI4_IRQHandler                                  build/debug/startup_stm32f446xx.o
EXTI9_5_IRQHandler                                build/debug/Core/Src/stm32f4xx_it.o
Error_Handler                                     build/debug/Core/Src/main.o
                                                  build/debug/Core/Src/stm32f4xx_hal_msp.o
FLASH_Erase_Sector                                build/debug/Drivers/STM32F4xx_HAL_Driver/Src/stm32f4xx_hal_flash_ex.o
                                                  build/debug/Drivers/STM32F4xx_HAL_Driver/Src/stm32f4xx_hal_flash.o
FLASH_FlushCaches                                 build/debug/Drivers/STM32F4xx_HAL_Driver/Src/stm32f4xx_hal_flash_ex.o
                                                  build/debug/Drivers/STM32F4xx_HAL_Driver/Src/stm32f4xx_hal_flash.o
FLASH_IRQHandler                                  build/debug/startup_stm32f446xx.o
FLASH_WaitForLastOperation                        build/debug/Drivers/STM32F4xx_HAL_Driver/Src/stm32f4xx_hal_flash.o
                                                  build/debug/Drivers/STM32F4xx_HAL_Driver/Src/stm32f4xx_hal_flash_ex.o
FMC_IRQHandler                                    build/debug/startup_stm32f446xx.o
FMPI2C1_ER_IRQHandler                             build/debug/startup_stm32f446xx.o
FMPI2C1_EV_IRQHandler                             build/debug/startup_stm32f446xx.o
FPU_IRQHandler                                    build/debug/startup_stm32f446xx.o
HAL_ADCEx_InjectedConfigChannel                   build/debug/Drivers/STM32F4xx_HAL_Driver/Src/stm32f4xx_hal_adc_ex.o
HAL_ADCEx_InjectedConvCpltCallback                build/debug/Drivers/STM32F4xx_HAL_Driver/Src/stm32f4xx_hal_adc_ex.o
                                                  build/debug/Drivers/STM32F4xx_HAL_Driver/Src/stm32f4xx_hal_adc.o
HAL_ADCEx_InjectedGetValue                        build/debug/Drivers/STM32F4xx_HAL_Driver/Src/stm32f4xx_hal_adc_ex.o
HAL_ADCEx_InjectedPollForConversion               build/debug/Drivers/STM32F4xx_HAL_Driver/Src/stm32f4xx_hal_adc_ex.o
HAL_ADCEx_InjectedStart                           build/debug/Drivers/STM32F4xx_HAL_Driver/Src/stm32f4xx_hal_adc_ex.o
HAL_ADCEx_InjectedStart_IT                        build/debug/Drivers/STM32F4xx_HAL_Driver/Src/stm32f4xx_hal_adc_ex.o
HAL_ADCEx_InjectedStop                            build/debug/Drivers/STM32F4xx_HAL_Driver/Src/stm32f4xx_hal_adc_ex.o
HAL_ADCEx_InjectedStop_IT                         build/debug/Drivers/STM32F4xx_HAL_Driver/Src/stm32f4xx_hal_adc_ex.o
HAL_ADCEx_MultiModeConfigChannel                  build/debug/Drivers/STM32F4xx_HAL_Driver/Src/stm32f4xx_hal_adc_ex.o
HAL_ADCEx_MultiModeGetValue                       build/debug/Drivers/STM32F4xx_HAL_Driver/Src/stm32f4xx_hal_adc_ex.o
HAL_ADCEx_MultiModeStart_DMA                      build/debug/Drivers/STM32F4xx_HAL_Driver/Src/stm32f4xx_hal_adc_ex.o
HAL_ADCEx_MultiModeStop_DMA                       build/debug/Drivers/STM32F4xx_HAL_Driver/Src/stm32f4xx_hal_adc_ex.o
HAL_ADC_AnalogWDGConfig                           build/debug/Drivers/STM32F4xx_HAL_Driver/Src/stm32f4xx_hal_adc.o
HAL_ADC_ConfigChannel                             build/debug/Drivers/STM32F4xx_HAL_Driver/Src/stm32f4xx_hal_adc.o
                                                  build/debug/Core/Src/main.o
HAL_ADC_ConvCpltCallback                          build/debug/Core/Src/main.o
                                                  build/debug/Drivers/STM32F4xx_HAL_Driver/Src/stm32f4xx_hal_adc_ex.o
HAL_ADC_ConvHalfCpltCallback                      build/debug/Drivers/STM32F4xx_HAL_Driver/Src/stm32f4xx_hal_adc.o
                                                  build/debug/Drivers/STM32F4xx_HAL_Driver/Src/stm32f4xx_hal_adc_ex.o
HAL_ADC_DeInit                                    build/debug/Drivers/STM32F4xx_HAL_Driver/Src/stm32f4xx_hal_adc.o
HAL_ADC_ErrorCallback                             build/debug/Drivers/STM32F4xx_HAL_Driver/Src/stm32f4xx_hal_adc.o
                                                  build/debug/Drivers/STM32F4xx_HAL_Driver/Src/stm32f4xx_hal_adc_ex.o
HAL_ADC_GetError                                  build/debug/Drivers/STM32F4xx_HAL_Driver/Src/stm32f4xx_hal_adc.o
HAL_ADC_GetState                                  build/debug/Drivers/STM32F4xx_HAL_Driver/Src/stm32f4xx_hal_adc.o
HAL_ADC_GetValue                                  build/debug/Drivers/STM32F4xx_HAL_Driver/Src/stm32f4xx_hal_adc.o
HAL_ADC_IRQHandler                                build/debug/Drivers/STM32F4xx_HAL_Driver/Src/stm32f4xx_hal_adc.o
HAL_ADC_Init                                      build/debug/Drivers/STM32F4xx_HAL_Driver/Src/stm32f4xx_hal_adc.o
                                                  build/debug/Core/Src/main.o
HAL_ADC_LevelOutOfWindowCallback                  build/debug/Drivers/STM32F4xx_HAL_Driver/Src/stm32f4xx_hal_adc.o
HAL_ADC_MspDeInit                                 build/debug/Core/Src/stm32f4xx_hal_msp.o
HAL_ADC_MspInit                                   build/debug/Core/Src/stm32f4xx_hal_msp.o
HAL_ADC_PollForConversion                         build/debug/Drivers/STM32F4xx_HAL_Driver/Src/stm32f4xx_hal_adc.o
HAL_ADC_PollForEvent                              build/debug/Drivers/STM32F4xx_HAL_Driver/Src/stm32f4xx_hal_adc.o
HAL_ADC_Start                                     build/debug/Drivers/STM32F4xx_HAL_Driver/Src/stm32f4xx_hal_adc.o
HAL_ADC_Start_DMA                                 build/debug/Drivers/STM32F4xx_HAL_Driver/Src/stm32f4xx_hal_adc.o
                                                  build/debug/Core/Src/main.o
HAL_ADC_Start_IT                                  build/debug/Drivers/STM32F4xx_HAL_Driver/Src/stm32f4xx_hal_adc.o
HAL_ADC_Stop                                      build/debug/Drivers/STM32F4xx_HAL_Driver/Src/stm32f4xx_hal_adc.o
HAL_ADC_Stop_DMA                                  build/debug/Drivers/STM32F4xx_HAL_Driver/Src/stm32f4xx_hal_adc.o
HAL_ADC_Stop_IT                                   build/debug/Drivers/STM32F4xx_HAL_Driver/Src/stm32f4xx_hal_adc.o
HAL_CORTEX_ClearEvent                             build/debug/Drivers/STM32F4xx_HAL_Driver/Src/stm32f4xx_hal_cortex.o
HAL_DBGMCU_DisableDBGSleepMode                    build/debug/Drivers/STM32F4xx_HAL_Driver/Src/stm32f4xx_hal.o
HAL_DBGMCU_DisableDBGStandbyMode                  build/debug/Drivers/STM32F4xx_HAL_Driver/Src/stm32f4xx_hal.o
HAL_DBGMCU_DisableDBGStopMode                     build/debug/Drivers/STM32F4xx_HAL_Driver/Src/stm32f4xx_hal.o
HAL_DBGMCU_EnableDBGSleepMode                     build/debug/Drivers/STM32F4xx_HAL_Driver/Src/stm32f4xx_hal.o
HAL_DBGMCU_EnableDBGStandbyMode                   build/debug/Drivers/STM32F4xx_HAL_Driver/Src/stm32f4xx_hal.o
HAL_DBGMCU_EnableDBGStopMode                      build/debug/Drivers/STM32F4xx_HAL_Driver/Src/stm32f4xx_hal.o
HAL_DMAEx_ChangeMemory                            build/debug/Drivers/STM32F4xx_HAL_Driver/Src/stm32f4xx_hal_dma_ex.o
HAL_DMAEx_MultiBufferStart                        build/debug/Drivers/STM32F4xx_HAL_Driver/Src/stm32f4xx_hal_dma_ex.o
HAL_DMAEx_MultiBufferStart_IT                     build/debug/Drivers/STM32F4xx_HAL_Driver/Src/stm32f4xx_hal_dma_ex.o
HAL_DMA_Abort                                     build/debug/Drivers/STM32F4xx_HAL_Driver/Src/stm32f4xx_hal_dma.o
                                                  build/debug/Drivers/STM32F4xx_HAL_Driver/Src/stm32f4xx_hal_uart.o
                                                  build/debug/Drivers/STM32F4xx_HAL_Driver/Src/stm32f4xx_hal_adc_ex.o
                                                  build/debug/Drivers/STM32F4xx_HAL_Driver/Src/stm32f4xx_hal_adc.o
HAL_DMA_Abort_IT                                  build/debug/Drivers/STM32F4xx_HAL_Driver/Src/stm32f4xx_hal_dma.o
                                                  build/debug/Drivers/STM32F4xx_HAL_Driver/Src/stm32f4xx_hal_uart.o
HAL_DMA_DeInit                                    build/debug/Drivers/STM32F4xx_HAL_Driver/Src/stm32f4xx_hal_dma.o
                                                  build/debug/Core/Src/stm32f4xx_hal_msp.o
HAL_DMA_GetError                                  build/debug/Drivers/STM32F4xx_HAL_Driver/Src/stm32f4xx_hal_dma.o
                                                  build/debug/Drivers/STM32F4xx_HAL_Driver/Src/stm32f4xx_hal_uart.o
HAL_DMA_GetState                                  build/debug/Drivers/STM32F4xx_HAL_Driver/Src/stm32f4xx_hal_dma.o
HAL_DMA_IRQHandler                                build/debug/Drivers/STM32F4xx_HAL_Driver/Src/stm32f4xx_hal_dma.o
                                                  build/debug/Core/Src/stm32f4xx_it.o
HAL_DMA_Init                                      build/debug/Drivers/STM32F4xx_HAL_Driver/Src/stm32f4xx_hal_dma.o
                                                  build/debug/Core/Src/stm32f4xx_hal_msp.o
HAL_DMA_PollForTransfer                           build/debug/Drivers/STM32F4xx_HAL_Driver/Src/stm32f4xx_hal_dma.o
HAL_DMA_RegisterCallback                          build/debug/Drivers/STM32F4xx_HAL_Driver/Src/stm32f4xx_hal_dma.o
HAL_DMA_Start                                     build/debug/Drivers/STM32F4xx_HAL_Driver/Src/stm32f4xx_hal_dma.o
HAL_DMA_Start_IT                                  build/debug/Drivers/STM32F4xx_HAL_Driver/Src/stm32f4xx_hal_dma.o
                                                  build/debug/Drivers/STM32F4xx_HAL_Driver/Src/stm32f4xx_hal_uart.o
                                                  build/debug/Drivers/STM32F4xx_HAL_Driver/Src/stm32f4xx_hal_adc_ex.o
                                                  build/debug/Drivers/STM32F4xx_HAL_Driver/Src/stm32f4xx_hal_adc.o
HAL_DMA_UnRegisterCallback                        build/debug/Drivers/STM32F4xx_HAL_Driver/Src/stm32f4xx_hal_dma.o
HAL_DeInit                                        build/debug/Drivers/STM32F4xx_HAL_Driver/Src/stm32f4xx_hal.o
HAL_Delay                                         build/debug/Drivers/STM32F4xx_HAL_Driver/Src/stm32f4xx_hal.o
                                                  build/debug/Core/Src/main.o
HAL_DisableCompensationCell                       build/debug/Drivers/STM32F4xx_HAL_Driver/Src/stm32f4xx_hal.o
HAL_EXTI_ClearConfigLine                          build/debug/Drivers/STM32F4xx_HAL_Driver/Src/stm32f4xx_hal_exti.o
HAL_EXTI_ClearPending                             build/debug/Drivers/STM32F4xx_HAL_Driver/Src/stm32f4xx_hal_exti.o
HAL_EXTI_GenerateSWI                              build/debug/Drivers/STM32F4xx_HAL_Driver/Src/stm32f4xx_hal_exti.o
HAL_EXTI_GetConfigLine                            build/debug/Drivers/STM32F4xx_HAL_Driver/Src/stm32f4xx_hal_exti.o
HAL_EXTI_GetHandle                                build/debug/Drivers/STM32F4xx_HAL_Driver/Src/stm32f4xx_hal_exti.o
HAL_EXTI_GetPending                               build/debug/Drivers/STM32F4xx_HAL_Driver/Src/stm32f4xx_hal_exti.o
HAL_EXTI_IRQHandler                               build/debug/Drivers/STM32F4xx_HAL_Driver/Src/stm32f4xx_hal_exti.o
HAL_EXTI_RegisterCallback                         build/debug/Drivers/STM32F4xx_HAL_Driver/Src/stm32f4xx_hal_exti.o
HAL_EXTI_SetConfigLine                            build/debug/Drivers/STM32F4xx_HAL_Driver/Src/stm32f4xx_hal_exti.o
HAL_EnableCompensationCell                        build/debug/Drivers/STM32F4xx_HAL_Driver/Src/stm32f4xx_hal.o
HAL_FLASHEx_AdvOBGetConfig                        build/debug/Drivers/STM32F4xx_HAL_Driver/Src/stm32f4xx_hal_flash_ex.o
HAL_FLASHEx_AdvOBProgram                          build/debug/Drivers/STM32F4xx_HAL_Driver/Src/stm32f4xx_hal_flash_ex.o
HAL_FLASHEx_DisableFlashSleepMode                 build/debug/Drivers/STM32F4xx_HAL_Driver/Src/stm32f4xx_hal_flash_ramfunc.o
HAL_FLASHEx_EnableFlashSleepMode                  build/debug/Drivers/STM32F4xx_HAL_Driver/Src/stm32f4xx_hal_flash_ramfunc.o
HAL_FLASHEx_Erase                                 build/debug/Drivers/STM32F4xx_HAL_Driver/Src/stm32f4xx_hal_flash_ex.o
HAL_FLASHEx_Erase_IT                              build/debug/Drivers/STM32F4xx_HAL_Driver/Src/stm32f4xx_hal_flash_ex.o
HAL_FLASHEx_OBGetConfig                           build/debug/Drivers/STM32F4xx_HAL_Driver/Src/stm32f4xx_hal_flash_ex.o
HAL_FLASHEx_OBProgram                             build/debug/Drivers/STM32F4xx_HAL_Driver/Src/stm32f4xx_hal_flash_ex.o
HAL_FLASHEx_OB_DeSelectPCROP                      build/debug/Drivers/STM32F4xx_HAL_Driver/Src/stm32f4xx_hal_flash_ex.o
HAL_FLASHEx_OB_SelectPCROP                        build/debug/Drivers/STM32F4xx_HAL_Driver/Src/stm32f4xx_hal_flash_ex.o
HAL_FLASHEx_StartFlashInterfaceClk                build/debug/Drivers/STM32F4xx_HAL_Driver/Src/stm32f4xx_hal_flash_ramfunc.o
HAL_FLASHEx_StopFlashInterfaceClk                 build/debug/Drivers/STM32F4xx_HAL_Driver/Src/stm32f4xx_hal_flash_ramfunc.o
HAL_FLASH_EndOfOperationCallback                  build/debug/Drivers/STM32F4xx_HAL_Driver/Src/stm32f4xx_hal_flash.o
HAL_FLASH_GetError                                build/debug/Drivers/STM32F4xx_HAL_Driver/Src/stm32f4xx_hal_flash.o
HAL_FLASH_IRQHandler                              build/debug/Drivers/STM32F4xx_HAL_Driver/Src/stm32f4xx_hal_flash.o
HAL_FLASH_Lock                                    build/debug/Drivers/STM32F4xx_HAL_Driver/Src/stm32f4xx_hal_flash.o
HAL_FLASH_OB_Launch                               build/debug/Drivers/STM32F4xx_HAL_Driver/Src/stm32f4xx_hal_flash.o
HAL_FLASH_OB_Lock                                 build/debug/Drivers/STM32F4xx_HAL_Driver/Src/stm32f4xx_hal_flash.o
HAL_FLASH_OB_Unlock                               build/debug/Drivers/STM32F4xx_HAL_Driver/Src/stm32f4xx_hal_flash.o
HAL_FLASH_OperationErrorCallback                  build/debug/Drivers/STM32F4xx_HAL_Driver/Src/stm32f4xx_hal_flash.o
HAL_FLASH_Program                                 build/debug/Drivers/STM32F4xx_HAL_Driver/Src/stm32f4xx_hal_flash.o
HAL_FLASH_Program_IT                              build/debug/Drivers/STM32F4xx_HAL_Driver/Src/stm32f4xx_hal_flash.o
HAL_FLASH_Unlock                                  build/debug/Drivers/STM32F4xx_HAL_Driver/Src/stm32f4xx_hal_flash.o
HAL_GPIO_DeInit                                   build/debug/Drivers/STM32F4xx_HAL_Driver/Src/stm32f4xx_hal_gpio.o
                                                  build/debug/Core/Src/stm32f4xx_hal_msp.o
HAL_GPIO_EXTI_Callback                            build/debug/Core/Src/main.o
HAL_GPIO_EXTI_IRQHandler                          build/debug/Drivers/STM32F4xx_HAL_Driver/Src/stm32f4xx_hal_gpio.o
                                                  build/debug/Core/Src/stm32f4xx_it.o
HAL_GPIO_Init                                     build/debug/Drivers/STM32F4xx_HAL_Driver/Src/stm32f4xx_hal_gpio.o
                                                  build/debug/Drivers/STM32F4xx_HAL_Driver/Src/stm32f4xx_hal_rcc.o
                                                  build/debug/Core/Src/stm32f4xx_hal_msp.o
                                                  build/debug/Core/Src/main.o
HAL_GPIO_LockPin                                  build/debug/Drivers/STM32F4xx_HAL_Driver/Src/stm32f4xx_hal_gpio.o
HAL_GPIO_ReadPin                                  build/debug/Drivers/STM32F4xx_HAL_Driver/Src/stm32f4xx_hal_gpio.o
                                                  build/debug/Core/Src/main.o
HAL_GPIO_TogglePin                                build/debug/Drivers/STM32F4xx_HAL_Driver/Src/stm32f4xx_hal_gpio.o
HAL_GPIO_WritePin                                 build/debug/Drivers/STM32F4xx_HAL_Driver/Src/stm32f4xx_hal_gpio.o
                                                  build/debug/Core/Src/main.o
HAL_GetDEVID                                      build/debug/Drivers/STM32F4xx_HAL_Driver/Src/stm32f4xx_hal.o
HAL_GetHalVersion                                 build/debug/Drivers/STM32F4xx_HAL_Driver/Src/stm32f4xx_hal.o
HAL_GetREVID                                      build/debug/Drivers/STM32F4xx_HAL_Driver/Src/stm32f4xx_hal.o
HAL_GetTick                                       build/debug/Drivers/STM32F4xx_HAL_Driver/Src/stm32f4xx_hal.o
                                                  build/debug/Drivers/STM32F4xx_HAL_Driver/Src/stm32f4xx_hal_uart.o
                                                  build/debug/Drivers/STM32F4xx_HAL_Driver/Src/stm32f4xx_hal_rcc_ex.o
                                                  build/debug/Drivers/STM32F4xx_HAL_Driver/Src/stm32f4xx_hal_rcc.o
                                                  build/debug/Drivers/STM32F4xx_HAL_Driver/Src/stm32f4xx_hal_pwr_ex.o
                                                  build/debug/Drivers/STM32F4xx_HAL_Driver/Src/stm32f4xx_hal_flash.o
                                                  build/debug/Drivers/STM32F4xx_HAL_Driver/Src/stm32f4xx_hal_dma.o
                                                  build/debug/Drivers/STM32F4xx_HAL_Driver/Src/stm32f4xx_hal_adc_ex.o
                                                  build/debug/Drivers/STM32F4xx_HAL_Driver/Src/stm32f4xx_hal_adc.o
HAL_GetTickFreq                                   build/debug/Drivers/STM32F4xx_HAL_Driver/Src/stm32f4xx_hal.o
HAL_GetTickPrio                                   build/debug/Drivers/STM32F4xx_HAL_Driver/Src/stm32f4xx_hal.o
HAL_GetUIDw0                                      build/debug/Drivers/STM32F4xx_HAL_Driver/Src/stm32f4xx_hal.o
HAL_GetUIDw1                                      build/debug/Drivers/STM32F4xx_HAL_Driver/Src/stm32f4xx_hal.o
HAL_GetUIDw2                                      build/debug/Drivers/STM32F4xx_HAL_Driver/Src/stm32f4xx_hal.o
HAL_HalfDuplex_EnableReceiver                     build/debug/Drivers/STM32F4xx_HAL_Driver/Src/stm32f4xx_hal_uart.o
HAL_HalfDuplex_EnableTransmitter                  build/debug/Drivers/STM32F4xx_HAL_Driver/Src/stm32f4xx_hal_uart.o
HAL_HalfDuplex_Init                               build/debug/Drivers/STM32F4xx_HAL_Driver/Src/stm32f4xx_hal_uart.o
HAL_IncTick                                       build/debug/Drivers/STM32F4xx_HAL_Driver/Src/stm32f4xx_hal.o
                                                  build/debug/Core/Src/stm32f4xx_it.o
HAL_Init                                          build/debug/Drivers/STM32F4xx_HAL_Driver/Src/stm32f4xx_hal.o
                                                  build/debug/Core/Src/main.o
HAL_InitTick                                      build/debug/Drivers/STM32F4xx_HAL_Driver/Src/stm32f4xx_hal.o
                                                  build/debug/Drivers/STM32F4xx_HAL_Driver/Src/stm32f4xx_hal_rcc_ex.o
                                                  build/debug/Drivers/STM32F4xx_HAL_Driver/Src/stm32f4xx_hal_rcc.o
HAL_LIN_Init                                      build/debug/Drivers/STM32F4xx_HAL_Driver/Src/stm32f4xx_hal_uart.o
HAL_LIN_SendBreak                                 build/debug/Drivers/STM32F4xx_HAL_Driver/Src/stm32f4xx_hal_uart.o
HAL_MPU_ConfigRegion                              build/debug/Drivers/STM32F4xx_HAL_Driver/Src/stm32f4xx_hal_cortex.o
HAL_MPU_Disable                                   build/debug/Drivers/STM32F4xx_HAL_Driver/Src/stm32f4xx_hal_cortex.o
HAL_MPU_DisableRegion                             build/debug/Drivers/STM32F4xx_HAL_Driver/Src/stm32f4xx_hal_cortex.o
HAL_MPU_Enable                                    build/debug/Drivers/STM32F4xx_HAL_Driver/Src/stm32f4xx_hal_cortex.o
HAL_MPU_EnableRegion                              build/debug/Drivers/STM32F4xx_HAL_Driver/Src/stm32f4xx_hal_cortex.o
HAL_MspDeInit                                     build/debug/Drivers/STM32F4xx_HAL_Driver/Src/stm32f4xx_hal.o
HAL_MspInit                                       build/debug/Core/Src/stm32f4xx_hal_msp.o
HAL_MultiProcessor_EnterMuteMode                  build/debug/Drivers/STM32F4xx_HAL_Driver/Src/stm32f4xx_hal_uart.o
HAL_MultiProcessor_ExitMuteMode                   build/debug/Drivers/STM32F4xx_HAL_Driver/Src/stm32f4xx_hal_uart.o
HAL_MultiProcessor_Init                           build/debug/Drivers/STM32F4xx_HAL_Driver/Src/stm32f4xx_hal_uart.o
HAL_NVIC_ClearPendingIRQ                          build/debug/Drivers/STM32F4xx_HAL_Driver/Src/stm32f4xx_hal_cortex.o
HAL_NVIC_DisableIRQ                               build/debug/Drivers/STM32F4xx_HAL_Driver/Src/stm32f4xx_hal_cortex.o
                                                  build/debug/Core/Src/stm32f4xx_hal_msp.o
HAL_NVIC_EnableIRQ                                build/debug/Drivers/STM32F4xx_HAL_Driver/Src/stm32f4xx_hal_cortex.o
                                                  build/debug/Core/Src/stm32f4xx_hal_msp.o
                                                  build/debug/Core/Src/main.o
HAL_NVIC_GetActive                                build/debug/Drivers/STM32F4xx_HAL_Driver/Src/stm32f4xx_hal_cortex.o
HAL_NVIC_GetPendingIRQ                            build/debug/Drivers/STM32F4xx_HAL_Driver/Src/stm32f4xx_hal_cortex.o
HAL_NVIC_GetPriority                              build/debug/Drivers/STM32F4xx_HAL_Driver/Src/stm32f4xx_hal_cortex.o
HAL_NVIC_GetPriorityGrouping                      build/debug/Drivers/STM32F4xx_HAL_Driver/Src/stm32f4xx_hal_cortex.o
HAL_NVIC_SetPendingIRQ                            build/debug/Drivers/STM32F4xx_HAL_Driver/Src/stm32f4xx_hal_cortex.o
HAL_NVIC_SetPriority                              build/debug/Drivers/STM32F4xx_HAL_Driver/Src/stm32f4xx_hal_cortex.o
                                                  build/debug/Drivers/STM32F4xx_HAL_Driver/Src/stm32f4xx_hal.o
                                                  build/debug/Core/Src/stm32f4xx_hal_msp.o
                                                  build/debug/Core/Src/main.o
HAL_NVIC_SetPriorityGrouping                      build/debug/Drivers/STM32F4xx_HAL_Driver/Src/stm32f4xx_hal_cortex.o
                                                  build/debug/Drivers/STM32F4xx_HAL_Driver/Src/stm32f4xx_hal.o
                                                  build/debug/Core/Src/stm32f4xx_hal_msp.o
HAL_NVIC_SystemReset                              build/debug/Drivers/STM32F4xx_HAL_Driver/Src/stm32f4xx_hal_cortex.o
HAL_PWREx_ControlVoltageScaling                   build/debug/Drivers/STM32F4xx_HAL_Driver/Src/stm32f4xx_hal_pwr_ex.o
HAL_PWREx_DisableBkUpReg                          build/debug/Drivers/STM32F4xx_HAL_Driver/Src/stm32f4xx_hal_pwr_ex.o
HAL_PWREx_DisableFlashPowerDown                   build/debug/Drivers/STM32F4xx_HAL_Driver/Src/stm32f4xx_hal_pwr_ex.o
HAL_PWREx_DisableOverDrive                        build/debug/Drivers/STM32F4xx_HAL_Driver/Src/stm32f4xx_hal_pwr_ex.o
HAL_PWREx_EnableBkUpReg                           build/debug/Drivers/STM32F4xx_HAL_Driver/Src/stm32f4xx_hal_pwr_ex.o
HAL_PWREx_EnableFlashPowerDown                    build/debug/Drivers/STM32F4xx_HAL_Driver/Src/stm32f4xx_hal_pwr_ex.o
HAL_PWREx_EnableOverDrive                         build/debug/Drivers/STM32F4xx_HAL_Driver/Src/stm32f4xx_hal_pwr_ex.o
HAL_PWREx_EnterUnderDriveSTOPMode                 build/debug/Drivers/STM32F4xx_HAL_Driver/Src/stm32f4xx_hal_pwr_ex.o
HAL_PWREx_GetVoltageRange                         build/debug/Drivers/STM32F4xx_HAL_Driver/Src/stm32f4xx_hal_pwr_ex.o
HAL_PWR_ConfigPVD                                 build/debug/Drivers/STM32F4xx_HAL_Driver/Src/stm32f4xx_hal_pwr.o
HAL_PWR_DeInit                                    build/debug/Drivers/STM32F4xx_HAL_Driver/Src/stm32f4xx_hal_pwr.o
HAL_PWR_DisableBkUpAccess                         build/debug/Drivers/STM32F4xx_HAL_Driver/Src/stm32f4xx_hal_pwr.o
HAL_PWR_DisablePVD                                build/debug/Drivers/STM32F4xx_HAL_Driver/Src/stm32f4xx_hal_pwr.o
HAL_PWR_DisableSEVOnPend                          build/debug/Drivers/STM32F4xx_HAL_Driver/Src/stm32f4xx_hal_pwr.o
HAL_PWR_DisableSleepOnExit                        build/debug/Drivers/STM32F4xx_HAL_Driver/Src/stm32f4xx_hal_pwr.o
HAL_PWR_DisableWakeUpPin                          build/debug/Drivers/STM32F4xx_HAL_Driver/Src/stm32f4xx_hal_pwr.o
HAL_PWR_EnableBkUpAccess                          build/debug/Drivers/STM32F4xx_HAL_Driver/Src/stm32f4xx_hal_pwr.o
HAL_PWR_EnablePVD                                 build/debug/Drivers/STM32F4xx_HAL_Driver/Src/stm32f4xx_hal_pwr.o
HAL_PWR_EnableSEVOnPend                           build/debug/Drivers/STM32F4xx_HAL_Driver/Src/stm32f4xx_hal_pwr.o
HAL_PWR_EnableSleepOnExit                         build/debug/Drivers/STM32F4xx_HAL_Driver/Src/stm32f4xx_hal_pwr.o
HAL_PWR_EnableWakeUpPin                           build/debug/Drivers/STM32F4xx_HAL_Driver/Src/stm32f4xx_hal_pwr.o
HAL_PWR_EnterSLEEPMode                            build/debug/Drivers/STM32F4xx_HAL_Driver/Src/stm32f4xx_hal_pwr.o
HAL_PWR_EnterSTANDBYMode                          build/debug/Drivers/STM32F4xx_HAL_Driver/Src/stm32f4xx_hal_pwr.o
HAL_PWR_EnterSTOPMode                             build/debug/Drivers/STM32F4xx_HAL_Driver/Src/stm32f4xx_hal_pwr.o
HAL_PWR_PVDCallback                               build/debug/Drivers/STM32F4xx_HAL_Driver/Src/stm32f4xx_hal_pwr.o
HAL_PWR_PVD_IRQHandler                            build/debug/Drivers/STM32F4xx_HAL_Driver/Src/stm32f4xx_hal_pwr.o
HAL_RCCEx_DisablePLLI2S                           build/debug/Drivers/STM32F4xx_HAL_Driver/Src/stm32f4xx_hal_rcc_ex.o
HAL_RCCEx_DisablePLLSAI                           build/debug/Drivers/STM32F4xx_HAL_Driver/Src/stm32f4xx_hal_rcc_ex.o
HAL_RCCEx_EnablePLLI2S                            build/debug/Drivers/STM32F4xx_HAL_Driver/Src/stm32f4xx_hal_rcc_ex.o